<html lang='en'>
<head>
  <meta charset='utf-8'>
  <meta http-equiv='X-UA-Compatible' content='IE=edge'>
  <meta name='viewport' content='width=device-width, initial-scale=1'>
  <link href='https://cdn.jsdelivr.net/npm/bootstrap3@3/dist/css/bootstrap.min.css' rel='stylesheet'>
  <link href='/css/gcu.css' rel='stylesheet'>
  <link href='/i/favicon.ico' rel='icon' type='image/x-icon'/>
  <link href='/photos/full/gcu-00306.jpg' rel='image_src'/>
  <meta property='og:image' content='https://gcu.tactical-grace.net/photos/full/gcu-00306.jpg'/>
  <meta name='twitter:card' content='summary_large_image'/>
  <meta name='twitter:image' content='https://gcu.tactical-grace.net/photos/full/gcu-00306.jpg'/>
  <meta name='description' content='tactical grace presents: Gunpla Expo 2013'/>
  <meta name='twitter:title' content='tactical grace presents: Gunpla Expo 2013'/>
  <link href='https://gcu.tactical-grace.net/varia/gunpla-expo-2013/' rel='canonical'/>
  <link rel='alternate' type='application/rss+xml' title='tactical grace feed' href='/index.xml'>
  <title>Varia: Gunpla Expo 2013 | tactical grace</title>
  <meta content='Varia: Gunpla Expo 2013 | tactical grace' itemprop='name'/>
</head>
<body>
<div class='container'>
<div class='row'><!-- title and mininav -->
  <div class='col-sm-12 col-md-8 text-right'>
  <h1 class='title'><a href='/varia/gunpla-expo-2013/'>Varia: Gunpla Expo 2013</a></h1>
</div> <!-- column -->
  <div class='col-sm-12 col-md-4 text-right voffset-top'>
    <a data-toggle='tooltip' title='main page' href='/'>
    <button class='btn btn-default btn-sm' type='button'><span class='glyphicon glyphicon-home'></span></button></a>
    <a data-toggle='tooltip' title='contact the author' href='https://goo.gl/forms/iJEsfLjBy1FE86aQ2'>
    <button class='btn btn-default btn-sm' type='button'><span class='glyphicon glyphicon-envelope'></span></button></a>
    <a data-toggle='tooltip' title='grade page' href='/varia/'>
    <button class='btn btn-default btn-sm' type='button'><span class='glyphicon glyphicon-th'></span></button></a>
    <a data-toggle='tooltip' title='previous kit' href='/varia/gunpla-expo-2012/'>
    <button class='btn btn-default btn-sm' type='button'><span class='glyphicon glyphicon-chevron-left'></span></button></a>
    <a data-toggle='tooltip' title='next kit' href='/varia/kagutsuchi/'>
    <button class='btn btn-default btn-sm' type='button'><span class='glyphicon glyphicon-chevron-right'></span></button></a>
  </div>
</div> <!-- row -->
  <div class='row voffset-top'>
    <h2 id='2013-11-23'>2013-11-23</h2>
  </div>
<div class='row voffset-small'>
<div class='col-xs-6 col-md-3 col-lg-2'>
  <div class='gallery-entry voffset-bottom-small'>
    <a class='gallery' href='/photos/full/gcu-00306.jpg' data-sub-html='I&#39;m here again!'>
      <img class='img-rounded img-responsive' src='/photos/thumb/gcu-00306.jpg' alt='I&#39;m here again!' />
      <span class='glyphicon  gallery-icon'></span>
    </a>
  </div>
</div>
<div class='col-xs-6 col-md-3 col-lg-2'>
  <div class='gallery-entry voffset-bottom-small'>
    <a class='gallery' href='/photos/full/gcu-00308.jpg' data-sub-html='HG FA Unicorn, destroy mode.'>
      <img class='img-rounded img-responsive' src='/photos/thumb/gcu-00308.jpg' alt='HG FA Unicorn, destroy mode.' />
      <span class='glyphicon  gallery-icon'></span>
    </a>
  </div>
</div>
<div class='col-xs-6 col-md-3 col-lg-2'>
  <div class='gallery-entry voffset-bottom-small'>
    <a class='gallery' href='/photos/full/gcu-00307.jpg' data-sub-html='Artwork of that new Kshatriya didn&#39;t look too hot.'>
      <img class='img-rounded img-responsive' src='/photos/thumb/gcu-00307.jpg' alt='Artwork of that new Kshatriya didn&#39;t look too hot.' />
      <span class='glyphicon  gallery-icon'></span>
    </a>
  </div>
</div>
<div class='col-xs-6 col-md-3 col-lg-2'>
  <div class='gallery-entry voffset-bottom-small'>
    <a class='gallery' href='/photos/full/gcu-00351.jpg' data-sub-html='*snikt* *snakt*'>
      <img class='img-rounded img-responsive' src='/photos/thumb/gcu-00351.jpg' alt='*snikt* *snakt*' />
      <span class='glyphicon  gallery-icon'></span>
    </a>
  </div>
</div>
<div class='col-xs-6 col-md-3 col-lg-2'>
  <div class='gallery-entry voffset-bottom-small'>
    <a class='gallery' href='/photos/full/gcu-00352.jpg' data-sub-html='Everyone loves Zogok, right?'>
      <img class='img-rounded img-responsive' src='/photos/thumb/gcu-00352.jpg' alt='Everyone loves Zogok, right?' />
      <span class='glyphicon  gallery-icon'></span>
    </a>
  </div>
</div>
<div class='col-xs-6 col-md-3 col-lg-2'>
  <div class='gallery-entry voffset-bottom-small'>
    <a class='gallery' href='/photos/full/gcu-00353.jpg' data-sub-html='♥︎'>
      <img class='img-rounded img-responsive' src='/photos/thumb/gcu-00353.jpg' alt='♥︎' />
      <span class='glyphicon  gallery-icon'></span>
    </a>
  </div>
</div>
<div class='col-xs-6 col-md-3 col-lg-2'>
  <div class='gallery-entry voffset-bottom-small'>
    <a class='gallery' href='/photos/full/gcu-00356.jpg' data-sub-html='The killer from Torrington Base.'>
      <img class='img-rounded img-responsive' src='/photos/thumb/gcu-00356.jpg' alt='The killer from Torrington Base.' />
      <span class='glyphicon  gallery-icon'></span>
    </a>
  </div>
</div>
<div class='col-xs-6 col-md-3 col-lg-2'>
  <div class='gallery-entry voffset-bottom-small'>
    <a class='gallery' href='/photos/full/gcu-00355.jpg' data-sub-html='Cute little bugger.'>
      <img class='img-rounded img-responsive' src='/photos/thumb/gcu-00355.jpg' alt='Cute little bugger.' />
      <span class='glyphicon  gallery-icon'></span>
    </a>
  </div>
</div>
<div class='col-xs-6 col-md-3 col-lg-2'>
  <div class='gallery-entry voffset-bottom-small'>
    <a class='gallery' href='/photos/full/gcu-00354.jpg' data-sub-html='Pink is in this year.'>
      <img class='img-rounded img-responsive' src='/photos/thumb/gcu-00354.jpg' alt='Pink is in this year.' />
      <span class='glyphicon  gallery-icon'></span>
    </a>
  </div>
</div>
<div class='col-xs-6 col-md-3 col-lg-2'>
  <div class='gallery-entry voffset-bottom-small'>
    <a class='gallery' href='/photos/full/gcu-00357.jpg' data-sub-html='Thunderbolt kits are coming!'>
      <img class='img-rounded img-responsive' src='/photos/thumb/gcu-00357.jpg' alt='Thunderbolt kits are coming!' />
      <span class='glyphicon  gallery-icon'></span>
    </a>
  </div>
</div>
<div class='col-xs-6 col-md-3 col-lg-2'>
  <div class='gallery-entry voffset-bottom-small'>
    <a class='gallery' href='/photos/full/gcu-00309.jpg' data-sub-html='I love big guns and I cannot lie.'>
      <img class='img-rounded img-responsive' src='/photos/thumb/gcu-00309.jpg' alt='I love big guns and I cannot lie.' />
      <span class='glyphicon  gallery-icon'></span>
    </a>
  </div>
</div>
<div class='col-xs-6 col-md-3 col-lg-2'>
  <div class='gallery-entry voffset-bottom-small'>
    <a class='gallery' href='/photos/full/gcu-00358.jpg'>
      <img class='img-rounded img-responsive' src='/photos/thumb/gcu-00358.jpg' />
      <span class='glyphicon  gallery-icon'></span>
    </a>
  </div>
</div>
<div class='col-xs-6 col-md-3 col-lg-2'>
  <div class='gallery-entry voffset-bottom-small'>
    <a class='gallery' href='/photos/full/gcu-00311.jpg' data-sub-html='MGs represent.'>
      <img class='img-rounded img-responsive' src='/photos/thumb/gcu-00311.jpg' alt='MGs represent.' />
      <span class='glyphicon  gallery-icon'></span>
    </a>
  </div>
</div>
<div class='col-xs-6 col-md-3 col-lg-2'>
  <div class='gallery-entry voffset-bottom-small'>
    <a class='gallery' href='/photos/full/gcu-00312.jpg'>
      <img class='img-rounded img-responsive' src='/photos/thumb/gcu-00312.jpg' />
      <span class='glyphicon  gallery-icon'></span>
    </a>
  </div>
</div>
<div class='col-xs-6 col-md-3 col-lg-2'>
  <div class='gallery-entry voffset-bottom-small'>
    <a class='gallery' href='/photos/full/gcu-00310.jpg' data-sub-html='Ceramic finish.'>
      <img class='img-rounded img-responsive' src='/photos/thumb/gcu-00310.jpg' alt='Ceramic finish.' />
      <span class='glyphicon  gallery-icon'></span>
    </a>
  </div>
</div>
<div class='col-xs-6 col-md-3 col-lg-2'>
  <div class='gallery-entry voffset-bottom-small'>
    <a class='gallery' href='/photos/full/gcu-00313.jpg' data-sub-html='MG Phenex. Unnecessarily shiny.'>
      <img class='img-rounded img-responsive' src='/photos/thumb/gcu-00313.jpg' alt='MG Phenex. Unnecessarily shiny.' />
      <span class='glyphicon  gallery-icon'></span>
    </a>
  </div>
</div>
<div class='col-xs-6 col-md-3 col-lg-2'>
  <div class='gallery-entry voffset-bottom-small'>
    <a class='gallery' href='/photos/full/gcu-00314.jpg' data-sub-html='Frosted glass? Curse you, Bandai!'>
      <img class='img-rounded img-responsive' src='/photos/thumb/gcu-00314.jpg' alt='Frosted glass? Curse you, Bandai!' />
      <span class='glyphicon  gallery-icon'></span>
    </a>
  </div>
</div>
<div class='col-xs-6 col-md-3 col-lg-2'>
  <div class='gallery-entry voffset-bottom-small'>
    <a class='gallery' href='/photos/full/gcu-00359.jpg' data-sub-html='Everyone was salivating at this guy.'>
      <img class='img-rounded img-responsive' src='/photos/thumb/gcu-00359.jpg' alt='Everyone was salivating at this guy.' />
      <span class='glyphicon  gallery-icon'></span>
    </a>
  </div>
</div>
<div class='col-xs-6 col-md-3 col-lg-2'>
  <div class='gallery-entry voffset-bottom-small'>
    <a class='gallery' href='/photos/full/gcu-00370.jpg' data-sub-html='And now, welcome to...'>
      <img class='img-rounded img-responsive' src='/photos/thumb/gcu-00370.jpg' alt='And now, welcome to...' />
      <span class='glyphicon  gallery-icon'></span>
    </a>
  </div>
</div>
<div class='col-xs-6 col-md-3 col-lg-2'>
  <div class='gallery-entry voffset-bottom-small'>
    <a class='gallery' href='/photos/full/gcu-00360.jpg' data-sub-html='A shelf full of RGs.'>
      <img class='img-rounded img-responsive' src='/photos/thumb/gcu-00360.jpg' alt='A shelf full of RGs.' />
      <span class='glyphicon  gallery-icon'></span>
    </a>
  </div>
</div>
<div class='col-xs-6 col-md-3 col-lg-2'>
  <div class='gallery-entry voffset-bottom-small'>
    <a class='gallery' href='/photos/full/gcu-00362.jpg'>
      <img class='img-rounded img-responsive' src='/photos/thumb/gcu-00362.jpg' />
      <span class='glyphicon  gallery-icon'></span>
    </a>
  </div>
</div>
<div class='col-xs-6 col-md-3 col-lg-2'>
  <div class='gallery-entry voffset-bottom-small'>
    <a class='gallery' href='/photos/full/gcu-00315.jpg' data-sub-html='New RG has fancy skeleton.'>
      <img class='img-rounded img-responsive' src='/photos/thumb/gcu-00315.jpg' alt='New RG has fancy skeleton.' />
      <span class='glyphicon  gallery-icon'></span>
    </a>
  </div>
</div>
<div class='col-xs-6 col-md-3 col-lg-2'>
  <div class='gallery-entry voffset-bottom-small'>
    <a class='gallery' href='/photos/full/gcu-00363.jpg'>
      <img class='img-rounded img-responsive' src='/photos/thumb/gcu-00363.jpg' />
      <span class='glyphicon  gallery-icon'></span>
    </a>
  </div>
</div>
<div class='col-xs-6 col-md-3 col-lg-2'>
  <div class='gallery-entry voffset-bottom-small'>
    <a class='gallery' href='/photos/full/gcu-00361.jpg'>
      <img class='img-rounded img-responsive' src='/photos/thumb/gcu-00361.jpg' />
      <span class='glyphicon  gallery-icon'></span>
    </a>
  </div>
</div>
<div class='col-xs-6 col-md-3 col-lg-2'>
  <div class='gallery-entry voffset-bottom-small'>
    <a class='gallery' href='/photos/full/gcu-00319.jpg' data-sub-html='Yay!'>
      <img class='img-rounded img-responsive' src='/photos/thumb/gcu-00319.jpg' alt='Yay!' />
      <span class='glyphicon  gallery-icon'></span>
    </a>
  </div>
</div>
<div class='col-xs-6 col-md-3 col-lg-2'>
  <div class='gallery-entry voffset-bottom-small'>
    <a class='gallery' href='/photos/full/gcu-00364.jpg' data-sub-html='Assorted HGs.'>
      <img class='img-rounded img-responsive' src='/photos/thumb/gcu-00364.jpg' alt='Assorted HGs.' />
      <span class='glyphicon  gallery-icon'></span>
    </a>
  </div>
</div>
<div class='col-xs-6 col-md-3 col-lg-2'>
  <div class='gallery-entry voffset-bottom-small'>
    <a class='gallery' href='/photos/full/gcu-00365.jpg' data-sub-html='Chillin&#39;.'>
      <img class='img-rounded img-responsive' src='/photos/thumb/gcu-00365.jpg' alt='Chillin&#39;.' />
      <span class='glyphicon  gallery-icon'></span>
    </a>
  </div>
</div>
<div class='col-xs-6 col-md-3 col-lg-2'>
  <div class='gallery-entry voffset-bottom-small'>
    <a class='gallery' href='/photos/full/gcu-00316.jpg' data-sub-html='Breaking down.'>
      <img class='img-rounded img-responsive' src='/photos/thumb/gcu-00316.jpg' alt='Breaking down.' />
      <span class='glyphicon  gallery-icon'></span>
    </a>
  </div>
</div>
<div class='col-xs-6 col-md-3 col-lg-2'>
  <div class='gallery-entry voffset-bottom-small'>
    <a class='gallery' href='/photos/full/gcu-00367.jpg'>
      <img class='img-rounded img-responsive' src='/photos/thumb/gcu-00367.jpg' />
      <span class='glyphicon  gallery-icon'></span>
    </a>
  </div>
</div>
<div class='col-xs-6 col-md-3 col-lg-2'>
  <div class='gallery-entry voffset-bottom-small'>
    <a class='gallery' href='/photos/full/gcu-00366.jpg' data-sub-html='Ka-me-ha...'>
      <img class='img-rounded img-responsive' src='/photos/thumb/gcu-00366.jpg' alt='Ka-me-ha...' />
      <span class='glyphicon  gallery-icon'></span>
    </a>
  </div>
</div>
<div class='col-xs-6 col-md-3 col-lg-2'>
  <div class='gallery-entry voffset-bottom-small'>
    <a class='gallery' href='/photos/full/gcu-00317.jpg' data-sub-html='Original series.'>
      <img class='img-rounded img-responsive' src='/photos/thumb/gcu-00317.jpg' alt='Original series.' />
      <span class='glyphicon  gallery-icon'></span>
    </a>
  </div>
</div>
<div class='col-xs-6 col-md-3 col-lg-2'>
  <div class='gallery-entry voffset-bottom-small'>
    <a class='gallery' href='/photos/full/gcu-00369.jpg'>
      <img class='img-rounded img-responsive' src='/photos/thumb/gcu-00369.jpg' />
      <span class='glyphicon  gallery-icon'></span>
    </a>
  </div>
</div>
<div class='col-xs-6 col-md-3 col-lg-2'>
  <div class='gallery-entry voffset-bottom-small'>
    <a class='gallery' href='/photos/full/gcu-00368.jpg' data-sub-html='Excuse me sir, have you seen my legs?'>
      <img class='img-rounded img-responsive' src='/photos/thumb/gcu-00368.jpg' alt='Excuse me sir, have you seen my legs?' />
      <span class='glyphicon  gallery-icon'></span>
    </a>
  </div>
</div>
<div class='col-xs-6 col-md-3 col-lg-2'>
  <div class='gallery-entry voffset-bottom-small'>
    <a class='gallery' href='/photos/full/gcu-00318.jpg' data-sub-html='I&#39;m slowly warming up to this Dra-C'>
      <img class='img-rounded img-responsive' src='/photos/thumb/gcu-00318.jpg' alt='I&#39;m slowly warming up to this Dra-C' />
      <span class='glyphicon  gallery-icon'></span>
    </a>
  </div>
</div>
<div class='col-xs-6 col-md-3 col-lg-2'>
  <div class='gallery-entry voffset-bottom-small'>
    <a class='gallery' href='/photos/full/gcu-00371.jpg' data-sub-html='Not a Zaku, boy! Those were SEED kits.'>
      <img class='img-rounded img-responsive' src='/photos/thumb/gcu-00371.jpg' alt='Not a Zaku, boy! Those were SEED kits.' />
      <span class='glyphicon  gallery-icon'></span>
    </a>
  </div>
</div>
<div class='col-xs-6 col-md-3 col-lg-2'>
  <div class='gallery-entry voffset-bottom-small'>
    <a class='gallery' href='/photos/full/gcu-00372.jpg'>
      <img class='img-rounded img-responsive' src='/photos/thumb/gcu-00372.jpg' />
      <span class='glyphicon  gallery-icon'></span>
    </a>
  </div>
</div>
<div class='col-xs-6 col-md-3 col-lg-2'>
  <div class='gallery-entry voffset-bottom-small'>
    <a class='gallery' href='/photos/full/gcu-00374.jpg' data-sub-html='Build Fighters line up looked serious.'>
      <img class='img-rounded img-responsive' src='/photos/thumb/gcu-00374.jpg' alt='Build Fighters line up looked serious.' />
      <span class='glyphicon  gallery-icon'></span>
    </a>
  </div>
</div>
<div class='col-xs-6 col-md-3 col-lg-2'>
  <div class='gallery-entry voffset-bottom-small'>
    <a class='gallery' href='/photos/full/gcu-00375.jpg'>
      <img class='img-rounded img-responsive' src='/photos/thumb/gcu-00375.jpg' />
      <span class='glyphicon  gallery-icon'></span>
    </a>
  </div>
</div>
<div class='col-xs-6 col-md-3 col-lg-2'>
  <div class='gallery-entry voffset-bottom-small'>
    <a class='gallery' href='/photos/full/gcu-00376.jpg'>
      <img class='img-rounded img-responsive' src='/photos/thumb/gcu-00376.jpg' />
      <span class='glyphicon  gallery-icon'></span>
    </a>
  </div>
</div>
<div class='col-xs-6 col-md-3 col-lg-2'>
  <div class='gallery-entry voffset-bottom-small'>
    <a class='gallery' href='/photos/full/gcu-00377.jpg'>
      <img class='img-rounded img-responsive' src='/photos/thumb/gcu-00377.jpg' />
      <span class='glyphicon  gallery-icon'></span>
    </a>
  </div>
</div>
<div class='col-xs-6 col-md-3 col-lg-2'>
  <div class='gallery-entry voffset-bottom-small'>
    <a class='gallery' href='/photos/full/gcu-00373.jpg' data-sub-html='I haven&#39;t seen this guy in anime yet.'>
      <img class='img-rounded img-responsive' src='/photos/thumb/gcu-00373.jpg' alt='I haven&#39;t seen this guy in anime yet.' />
      <span class='glyphicon  gallery-icon'></span>
    </a>
  </div>
</div>
<div class='col-xs-6 col-md-3 col-lg-2'>
  <div class='gallery-entry voffset-bottom-small'>
    <a class='gallery' href='/photos/full/gcu-00380.jpg'>
      <img class='img-rounded img-responsive' src='/photos/thumb/gcu-00380.jpg' />
      <span class='glyphicon  gallery-icon'></span>
    </a>
  </div>
</div>
<div class='col-xs-6 col-md-3 col-lg-2'>
  <div class='gallery-entry voffset-bottom-small'>
    <a class='gallery' href='/photos/full/gcu-00379.jpg' data-sub-html='Eh. Death to &amp;quot;girly&amp;quot; gunpla!'>
      <img class='img-rounded img-responsive' src='/photos/thumb/gcu-00379.jpg' alt='Eh. Death to &amp;quot;girly&amp;quot; gunpla!' />
      <span class='glyphicon  gallery-icon'></span>
    </a>
  </div>
</div>
<div class='col-xs-6 col-md-3 col-lg-2'>
  <div class='gallery-entry voffset-bottom-small'>
    <a class='gallery' href='/photos/full/gcu-00378.jpg' data-sub-html='AFAIU those weapons will be included with magazines.'>
      <img class='img-rounded img-responsive' src='/photos/thumb/gcu-00378.jpg' alt='AFAIU those weapons will be included with magazines.' />
      <span class='glyphicon  gallery-icon'></span>
    </a>
  </div>
</div>
<div class='col-xs-6 col-md-3 col-lg-2'>
  <div class='gallery-entry voffset-bottom-small'>
    <a class='gallery' href='/photos/full/gcu-00381.jpg' data-sub-html='Orararararara!'>
      <img class='img-rounded img-responsive' src='/photos/thumb/gcu-00381.jpg' alt='Orararararara!' />
      <span class='glyphicon  gallery-icon'></span>
    </a>
  </div>
</div>
<div class='col-xs-6 col-md-3 col-lg-2'>
  <div class='gallery-entry voffset-bottom-small'>
    <a class='gallery' href='/photos/full/gcu-00382.jpg' data-sub-html='With BF accessories you&#39;ll be able to do... this.'>
      <img class='img-rounded img-responsive' src='/photos/thumb/gcu-00382.jpg' alt='With BF accessories you&#39;ll be able to do... this.' />
      <span class='glyphicon  gallery-icon'></span>
    </a>
  </div>
</div>
<div class='col-xs-6 col-md-3 col-lg-2'>
  <div class='gallery-entry voffset-bottom-small'>
    <a class='gallery' href='/photos/full/gcu-00385.jpg' data-sub-html='Fancy BF diorama.'>
      <img class='img-rounded img-responsive' src='/photos/thumb/gcu-00385.jpg' alt='Fancy BF diorama.' />
      <span class='glyphicon  gallery-icon'></span>
    </a>
  </div>
</div>
<div class='col-xs-6 col-md-3 col-lg-2'>
  <div class='gallery-entry voffset-bottom-small'>
    <a class='gallery' href='/photos/full/gcu-00386.jpg' data-sub-html='The fastest kit north, south, east and west of Odessa!'>
      <img class='img-rounded img-responsive' src='/photos/thumb/gcu-00386.jpg' alt='The fastest kit north, south, east and west of Odessa!' />
      <span class='glyphicon  gallery-icon'></span>
    </a>
  </div>
</div>
<div class='col-xs-6 col-md-3 col-lg-2'>
  <div class='gallery-entry voffset-bottom-small'>
    <a class='gallery' href='/photos/full/gcu-00388.jpg' data-sub-html='Here it didn&#39;t look too bad.'>
      <img class='img-rounded img-responsive' src='/photos/thumb/gcu-00388.jpg' alt='Here it didn&#39;t look too bad.' />
      <span class='glyphicon  gallery-icon'></span>
    </a>
  </div>
</div>
<div class='col-xs-6 col-md-3 col-lg-2'>
  <div class='gallery-entry voffset-bottom-small'>
    <a class='gallery' href='/photos/full/gcu-00387.jpg' data-sub-html='- Narutooo! - Sasukeee!'>
      <img class='img-rounded img-responsive' src='/photos/thumb/gcu-00387.jpg' alt='- Narutooo! - Sasukeee!' />
      <span class='glyphicon  gallery-icon'></span>
    </a>
  </div>
</div>
<div class='col-xs-6 col-md-3 col-lg-2'>
  <div class='gallery-entry voffset-bottom-small'>
    <a class='gallery' href='/photos/full/gcu-00383.jpg' data-sub-html='All HG project all lined up.'>
      <img class='img-rounded img-responsive' src='/photos/thumb/gcu-00383.jpg' alt='All HG project all lined up.' />
      <span class='glyphicon  gallery-icon'></span>
    </a>
  </div>
</div>
<div class='col-xs-6 col-md-3 col-lg-2'>
  <div class='gallery-entry voffset-bottom-small'>
    <a class='gallery' href='/photos/full/gcu-00384.jpg' data-sub-html='Yes it was Turn A turning.'>
      <img class='img-rounded img-responsive' src='/photos/thumb/gcu-00384.jpg' alt='Yes it was Turn A turning.' />
      <span class='glyphicon  gallery-icon'></span>
    </a>
  </div>
</div>
<div class='col-xs-6 col-md-3 col-lg-2'>
  <div class='gallery-entry voffset-bottom-small'>
    <a class='gallery' href='/photos/full/gcu-00320.jpg' data-sub-html='ROYAL RAINBOW!'>
      <img class='img-rounded img-responsive' src='/photos/thumb/gcu-00320.jpg' alt='ROYAL RAINBOW!' />
      <span class='glyphicon  gallery-icon'></span>
    </a>
  </div>
</div>
<div class='col-xs-6 col-md-3 col-lg-2'>
  <div class='gallery-entry voffset-bottom-small'>
    <a class='gallery' href='/photos/full/gcu-00321.jpg' data-sub-html='Remember Zeong clown from last year?'>
      <img class='img-rounded img-responsive' src='/photos/thumb/gcu-00321.jpg' alt='Remember Zeong clown from last year?' />
      <span class='glyphicon  gallery-icon'></span>
    </a>
  </div>
</div>
<div class='col-xs-6 col-md-3 col-lg-2'>
  <div class='gallery-entry voffset-bottom-small'>
    <a class='gallery' href='/photos/full/gcu-00324.jpg'>
      <img class='img-rounded img-responsive' src='/photos/thumb/gcu-00324.jpg' />
      <span class='glyphicon  gallery-icon'></span>
    </a>
  </div>
</div>
<div class='col-xs-6 col-md-3 col-lg-2'>
  <div class='gallery-entry voffset-bottom-small'>
    <a class='gallery' href='/photos/full/gcu-00323.jpg' data-sub-html='Ready to rock!'>
      <img class='img-rounded img-responsive' src='/photos/thumb/gcu-00323.jpg' alt='Ready to rock!' />
      <span class='glyphicon  gallery-icon'></span>
    </a>
  </div>
</div>
<div class='col-xs-6 col-md-3 col-lg-2'>
  <div class='gallery-entry voffset-bottom-small'>
    <a class='gallery' href='/photos/full/gcu-00322.jpg'>
      <img class='img-rounded img-responsive' src='/photos/thumb/gcu-00322.jpg' />
      <span class='glyphicon  gallery-icon'></span>
    </a>
  </div>
</div>
<div class='col-xs-6 col-md-3 col-lg-2'>
  <div class='gallery-entry voffset-bottom-small'>
    <a class='gallery' href='/photos/full/gcu-00325.jpg'>
      <img class='img-rounded img-responsive' src='/photos/thumb/gcu-00325.jpg' />
      <span class='glyphicon  gallery-icon'></span>
    </a>
  </div>
</div>
<div class='col-xs-6 col-md-3 col-lg-2'>
  <div class='gallery-entry voffset-bottom-small'>
    <a class='gallery' href='/photos/full/gcu-00390.jpg'>
      <img class='img-rounded img-responsive' src='/photos/thumb/gcu-00390.jpg' />
      <span class='glyphicon  gallery-icon'></span>
    </a>
  </div>
</div>
<div class='col-xs-6 col-md-3 col-lg-2'>
  <div class='gallery-entry voffset-bottom-small'>
    <a class='gallery' href='/photos/full/gcu-00389.jpg'>
      <img class='img-rounded img-responsive' src='/photos/thumb/gcu-00389.jpg' />
      <span class='glyphicon  gallery-icon'></span>
    </a>
  </div>
</div>
<div class='col-xs-6 col-md-3 col-lg-2'>
  <div class='gallery-entry voffset-bottom-small'>
    <a class='gallery' href='/photos/full/gcu-00392.jpg' data-sub-html='Here, look at some online-exclusive stuff you will not get... :('>
      <img class='img-rounded img-responsive' src='/photos/thumb/gcu-00392.jpg' alt='Here, look at some online-exclusive stuff you will not get... :(' />
      <span class='glyphicon  gallery-icon'></span>
    </a>
  </div>
</div>
<div class='col-xs-6 col-md-3 col-lg-2'>
  <div class='gallery-entry voffset-bottom-small'>
    <a class='gallery' href='/photos/full/gcu-00326.jpg' data-sub-html='Last year&#39;s finalist.'>
      <img class='img-rounded img-responsive' src='/photos/thumb/gcu-00326.jpg' alt='Last year&#39;s finalist.' />
      <span class='glyphicon  gallery-icon'></span>
    </a>
  </div>
</div>
<div class='col-xs-6 col-md-3 col-lg-2'>
  <div class='gallery-entry voffset-bottom-small'>
    <a class='gallery' href='/photos/full/gcu-00391.jpg' data-sub-html='Impressive Tieren, also from last year.'>
      <img class='img-rounded img-responsive' src='/photos/thumb/gcu-00391.jpg' alt='Impressive Tieren, also from last year.' />
      <span class='glyphicon  gallery-icon'></span>
    </a>
  </div>
</div>
<div class='col-xs-6 col-md-3 col-lg-2'>
  <div class='gallery-entry voffset-bottom-small'>
    <a class='gallery' href='/photos/full/gcu-00327.jpg' data-sub-html='PG Blue Frame.'>
      <img class='img-rounded img-responsive' src='/photos/thumb/gcu-00327.jpg' alt='PG Blue Frame.' />
      <span class='glyphicon  gallery-icon'></span>
    </a>
  </div>
</div>
<div class='col-xs-6 col-md-3 col-lg-2'>
  <div class='gallery-entry voffset-bottom-small'>
    <a class='gallery' href='/photos/full/gcu-00393.jpg' data-sub-html='SD Unicorn looking purty.'>
      <img class='img-rounded img-responsive' src='/photos/thumb/gcu-00393.jpg' alt='SD Unicorn looking purty.' />
      <span class='glyphicon  gallery-icon'></span>
    </a>
  </div>
</div>
<div class='col-xs-6 col-md-3 col-lg-2'>
  <div class='gallery-entry voffset-bottom-small'>
    <a class='gallery' href='/photos/full/gcu-00394.jpg' data-sub-html='Golden wings overload.'>
      <img class='img-rounded img-responsive' src='/photos/thumb/gcu-00394.jpg' alt='Golden wings overload.' />
      <span class='glyphicon  gallery-icon'></span>
    </a>
  </div>
</div>
<div class='col-xs-6 col-md-3 col-lg-2'>
  <div class='gallery-entry voffset-bottom-small'>
    <a class='gallery' href='/photos/full/gcu-00328.jpg' data-sub-html='No idea what kit it was originally.'>
      <img class='img-rounded img-responsive' src='/photos/thumb/gcu-00328.jpg' alt='No idea what kit it was originally.' />
      <span class='glyphicon  gallery-icon'></span>
    </a>
  </div>
</div>
<div class='col-xs-6 col-md-3 col-lg-2'>
  <div class='gallery-entry voffset-bottom-small'>
    <a class='gallery' href='/photos/full/gcu-00329.jpg'>
      <img class='img-rounded img-responsive' src='/photos/thumb/gcu-00329.jpg' />
      <span class='glyphicon  gallery-icon'></span>
    </a>
  </div>
</div>
<div class='col-xs-6 col-md-3 col-lg-2'>
  <div class='gallery-entry voffset-bottom-small'>
    <a class='gallery' href='/photos/full/gcu-00338.jpg' data-sub-html='This guy got my vote.'>
      <img class='img-rounded img-responsive' src='/photos/thumb/gcu-00338.jpg' alt='This guy got my vote.' />
      <span class='glyphicon  gallery-icon'></span>
    </a>
  </div>
</div>
<div class='col-xs-6 col-md-3 col-lg-2'>
  <div class='gallery-entry voffset-bottom-small'>
    <a class='gallery' href='/photos/full/gcu-00334.jpg'>
      <img class='img-rounded img-responsive' src='/photos/thumb/gcu-00334.jpg' />
      <span class='glyphicon  gallery-icon'></span>
    </a>
  </div>
</div>
<div class='col-xs-6 col-md-3 col-lg-2'>
  <div class='gallery-entry voffset-bottom-small'>
    <a class='gallery' href='/photos/full/gcu-00341.jpg'>
      <img class='img-rounded img-responsive' src='/photos/thumb/gcu-00341.jpg' />
      <span class='glyphicon  gallery-icon'></span>
    </a>
  </div>
</div>
<div class='col-xs-6 col-md-3 col-lg-2'>
  <div class='gallery-entry voffset-bottom-small'>
    <a class='gallery' href='/photos/full/gcu-00339.jpg'>
      <img class='img-rounded img-responsive' src='/photos/thumb/gcu-00339.jpg' />
      <span class='glyphicon  gallery-icon'></span>
    </a>
  </div>
</div>
<div class='col-xs-6 col-md-3 col-lg-2'>
  <div class='gallery-entry voffset-bottom-small'>
    <a class='gallery' href='/photos/full/gcu-00340.jpg' data-sub-html='&amp;quot;Sir, we&#39;ve added some legs to your robot.&amp;quot;'>
      <img class='img-rounded img-responsive' src='/photos/thumb/gcu-00340.jpg' alt='&amp;quot;Sir, we&#39;ve added some legs to your robot.&amp;quot;' />
      <span class='glyphicon  gallery-icon'></span>
    </a>
  </div>
</div>
<div class='col-xs-6 col-md-3 col-lg-2'>
  <div class='gallery-entry voffset-bottom-small'>
    <a class='gallery' href='/photos/full/gcu-00337.jpg' data-sub-html='This was an entry in juniors class.'>
      <img class='img-rounded img-responsive' src='/photos/thumb/gcu-00337.jpg' alt='This was an entry in juniors class.' />
      <span class='glyphicon  gallery-icon'></span>
    </a>
  </div>
</div>
<div class='col-xs-6 col-md-3 col-lg-2'>
  <div class='gallery-entry voffset-bottom-small'>
    <a class='gallery' href='/photos/full/gcu-00336.jpg' data-sub-html='Kit looks plain, but cows are nice detail :)'>
      <img class='img-rounded img-responsive' src='/photos/thumb/gcu-00336.jpg' alt='Kit looks plain, but cows are nice detail :)' />
      <span class='glyphicon  gallery-icon'></span>
    </a>
  </div>
</div>
<div class='col-xs-6 col-md-3 col-lg-2'>
  <div class='gallery-entry voffset-bottom-small'>
    <a class='gallery' href='/photos/full/gcu-00335.jpg'>
      <img class='img-rounded img-responsive' src='/photos/thumb/gcu-00335.jpg' />
      <span class='glyphicon  gallery-icon'></span>
    </a>
  </div>
</div>
<div class='col-xs-6 col-md-3 col-lg-2'>
  <div class='gallery-entry voffset-bottom-small'>
    <a class='gallery' href='/photos/full/gcu-00332.jpg' data-sub-html='Entry in &amp;quot;overwhelming&amp;quot; category.'>
      <img class='img-rounded img-responsive' src='/photos/thumb/gcu-00332.jpg' alt='Entry in &amp;quot;overwhelming&amp;quot; category.' />
      <span class='glyphicon  gallery-icon'></span>
    </a>
  </div>
</div>
<div class='col-xs-6 col-md-3 col-lg-2'>
  <div class='gallery-entry voffset-bottom-small'>
    <a class='gallery' href='/photos/full/gcu-00331.jpg' data-sub-html='GM Sniper'>
      <img class='img-rounded img-responsive' src='/photos/thumb/gcu-00331.jpg' alt='GM Sniper' />
      <span class='glyphicon  gallery-icon'></span>
    </a>
  </div>
</div>
<div class='col-xs-6 col-md-3 col-lg-2'>
  <div class='gallery-entry voffset-bottom-small'>
    <a class='gallery' href='/photos/full/gcu-00330.jpg' data-sub-html='This guy looked lovely.'>
      <img class='img-rounded img-responsive' src='/photos/thumb/gcu-00330.jpg' alt='This guy looked lovely.' />
      <span class='glyphicon  gallery-icon'></span>
    </a>
  </div>
</div>
<div class='col-xs-6 col-md-3 col-lg-2'>
  <div class='gallery-entry voffset-bottom-small'>
    <a class='gallery' href='/photos/full/gcu-00333.jpg'>
      <img class='img-rounded img-responsive' src='/photos/thumb/gcu-00333.jpg' />
      <span class='glyphicon  gallery-icon'></span>
    </a>
  </div>
</div>
<div class='col-xs-6 col-md-3 col-lg-2'>
  <div class='gallery-entry voffset-bottom-small'>
    <a class='gallery' href='/photos/full/gcu-00343.jpg' data-sub-html='Way over the top, but quite pleasant.'>
      <img class='img-rounded img-responsive' src='/photos/thumb/gcu-00343.jpg' alt='Way over the top, but quite pleasant.' />
      <span class='glyphicon  gallery-icon'></span>
    </a>
  </div>
</div>
<div class='col-xs-6 col-md-3 col-lg-2'>
  <div class='gallery-entry voffset-bottom-small'>
    <a class='gallery' href='/photos/full/gcu-00344.jpg'>
      <img class='img-rounded img-responsive' src='/photos/thumb/gcu-00344.jpg' />
      <span class='glyphicon  gallery-icon'></span>
    </a>
  </div>
</div>
<div class='col-xs-6 col-md-3 col-lg-2'>
  <div class='gallery-entry voffset-bottom-small'>
    <a class='gallery' href='/photos/full/gcu-00342.jpg' data-sub-html='The Fall.'>
      <img class='img-rounded img-responsive' src='/photos/thumb/gcu-00342.jpg' alt='The Fall.' />
      <span class='glyphicon  gallery-icon'></span>
    </a>
  </div>
</div>
<div class='col-xs-6 col-md-3 col-lg-2'>
  <div class='gallery-entry voffset-bottom-small'>
    <a class='gallery' href='/photos/full/gcu-00345.jpg' data-sub-html='The smoke was equipped with LEDs.'>
      <img class='img-rounded img-responsive' src='/photos/thumb/gcu-00345.jpg' alt='The smoke was equipped with LEDs.' />
      <span class='glyphicon  gallery-icon'></span>
    </a>
  </div>
</div>
<div class='col-xs-6 col-md-3 col-lg-2'>
  <div class='gallery-entry voffset-bottom-small'>
    <a class='gallery' href='/photos/full/gcu-00346.jpg' data-sub-html='Weird tentacled Sinanju.'>
      <img class='img-rounded img-responsive' src='/photos/thumb/gcu-00346.jpg' alt='Weird tentacled Sinanju.' />
      <span class='glyphicon  gallery-icon'></span>
    </a>
  </div>
</div>
<div class='col-xs-6 col-md-3 col-lg-2'>
  <div class='gallery-entry voffset-bottom-small'>
    <a class='gallery' href='/photos/full/gcu-00347.jpg' data-sub-html='Ali Al-Saachez cuts through whole Team Trinity at once!'>
      <img class='img-rounded img-responsive' src='/photos/thumb/gcu-00347.jpg' alt='Ali Al-Saachez cuts through whole Team Trinity at once!' />
      <span class='glyphicon  gallery-icon'></span>
    </a>
  </div>
</div>
<div class='col-xs-6 col-md-3 col-lg-2'>
  <div class='gallery-entry voffset-bottom-small'>
    <a class='gallery' href='/photos/full/gcu-00349.jpg' data-sub-html='Throne Eins. Alas, poor Michael.'>
      <img class='img-rounded img-responsive' src='/photos/thumb/gcu-00349.jpg' alt='Throne Eins. Alas, poor Michael.' />
      <span class='glyphicon  gallery-icon'></span>
    </a>
  </div>
</div>
<div class='col-xs-6 col-md-3 col-lg-2'>
  <div class='gallery-entry voffset-bottom-small'>
    <a class='gallery' href='/photos/full/gcu-00350.jpg' data-sub-html='Throne Zwei.'>
      <img class='img-rounded img-responsive' src='/photos/thumb/gcu-00350.jpg' alt='Throne Zwei.' />
      <span class='glyphicon  gallery-icon'></span>
    </a>
  </div>
</div>
<div class='col-xs-6 col-md-3 col-lg-2'>
  <div class='gallery-entry voffset-bottom-small'>
    <a class='gallery' href='/photos/full/gcu-00348.jpg' data-sub-html='Throne Drei.'>
      <img class='img-rounded img-responsive' src='/photos/thumb/gcu-00348.jpg' alt='Throne Drei.' />
      <span class='glyphicon  gallery-icon'></span>
    </a>
  </div>
</div>
</div>
<div class='row'>
  <div class='col-sm-12 col-md-7 col-md-offset-1 voffset-top-small'>
    <div class='btn-group btn-group-justified btn-group-lg' role='group'>
      <a class='btn btn-default' href='/hg/' role='button'>
        <span class='glyphicon glyphicon-pawn hidden-xs'></span>
        HG</a>
      <a class='btn btn-default' href='/rg/' role='button'>
        <span class='glyphicon glyphicon-knight hidden-xs'></span>
        RG</a>
      <a class='btn btn-default' href='/mg/' role='button'>
        <span class='glyphicon glyphicon-bishop hidden-xs'></span>
        MG</a>
      <a class='btn btn-default' href='/pg/' role='button'>
        <span class='glyphicon glyphicon-king hidden-xs'></span>
        PG</a>
      <a class='btn btn-default' href='/varia/' role='button'>
        <span class='glyphicon glyphicon-tower hidden-xs'></span>
        Varia</a>
    </div> <!-- btn-group -->
  </div> <!-- column -->
  <div class='col-sm-12 col-md-4 voffset-top-small'>
    <div class='btn-group btn-group-justified btn-group-lg' role='group'>
      <a class='btn btn-danger btn-lg' href='/everything/' role='button'>
        <span class='glyphicon glyphicon-fire'></span>
        Show me everything!</a>
    </div>
  </div> <!-- column -->
</div> <!-- row -->
</div> <!-- container -->
<link href='https://fonts.googleapis.com/css?family=Exo' rel='stylesheet' type='text/css'>
<script> <!-- analytics -->
  (function(i,s,o,g,r,a,m){i['GoogleAnalyticsObject']=r;i[r]=i[r]||function(){
  (i[r].q=i[r].q||[]).push(arguments)},i[r].l=1*new Date();a=s.createElement(o),
  m=s.getElementsByTagName(o)[0];a.async=1;a.src=g;m.parentNode.insertBefore(a,m)
  })(window,document,'script','//www.google-analytics.com/analytics.js','ga');

  ga('create', 'UA-35396418-1', 'auto');
  ga('send', 'pageview');
</script>
<link rel="stylesheet" href="https://cdn.jsdelivr.net/npm/lightgallery.js@1/dist/css/lightgallery.min.css" />
<script src="https://cdn.jsdelivr.net/npm/lightgallery.js@1/dist/js/lightgallery.min.js"></script>
<script src="https://cdn.jsdelivr.net/npm/lg-thumbnail.js@1/dist/lg-thumbnail.min.js"></script>
<script src="https://cdn.jsdelivr.net/npm/lg-zoom.js@1/dist/lg-zoom.min.js"></script>
<script src="https://cdn.jsdelivr.net/npm/lg-video.js@1/dist/lg-video.min.js"></script>
<script src="https://cdn.jsdelivr.net/npm/lg-fullscreen.js@1/dist/lg-fullscreen.min.js"></script>
<script src="https://cdn.jsdelivr.net/npm/lg-autoplay.js@1/dist/lg-autoplay.min.js"></script>
<script src='/js/gcu.js'></script>
<script type='text/javascript'>
document.addEventListener('DOMContentLoaded', gcu.postPageHandler);
</script>
</body></html>