<html lang='en'>
<head>
  <meta charset='utf-8'>
  <meta http-equiv='X-UA-Compatible' content='IE=edge'>
  <meta name='viewport' content='width=device-width, initial-scale=1'>
  <link href='https://cdn.jsdelivr.net/npm/bootstrap3@3/dist/css/bootstrap.min.css' rel='stylesheet'>
  <link href='/css/gcu.css' rel='stylesheet'>
  <link href='/i/favicon.ico' rel='icon' type='image/x-icon'/>
  <link href='/photos/full/gcu-00196.jpg' rel='image_src'/>
  <meta property='og:image' content='https://gcu.tactical-grace.net/photos/full/gcu-00196.jpg'/>
  <meta name='twitter:card' content='summary_large_image'/>
  <meta name='twitter:image' content='https://gcu.tactical-grace.net/photos/full/gcu-00196.jpg'/>
  <meta name='description' content='tactical grace presents: Exia'/>
  <meta name='twitter:title' content='tactical grace presents: Exia'/>
  <link href='https://gcu.tactical-grace.net/hg/exia/' rel='canonical'/>
  <link rel='alternate' type='application/rss+xml' title='tactical grace feed' href='/index.xml'>
  <title>HG: Exia | tactical grace</title>
  <meta content='HG: Exia | tactical grace' itemprop='name'/>
</head>
<body>
<div class='container'>
<div class='row'><!-- title and mininav -->
  <div class='col-sm-12 col-md-8 text-right'>
  <h1 class='title'><a href='/hg/exia/'>HG: Exia</a></h1>
</div> <!-- column -->
  <div class='col-sm-12 col-md-4 text-right voffset-top'>
    <a data-toggle='tooltip' title='main page' href='/'>
    <button class='btn btn-default btn-sm' type='button'><span class='glyphicon glyphicon-home'></span></button></a>
    <a data-toggle='tooltip' title='contact the author' href='https://goo.gl/forms/iJEsfLjBy1FE86aQ2'>
    <button class='btn btn-default btn-sm' type='button'><span class='glyphicon glyphicon-envelope'></span></button></a>
    <a data-toggle='tooltip' title='grade page' href='/hg/'>
    <button class='btn btn-default btn-sm' type='button'><span class='glyphicon glyphicon-th'></span></button></a>
    <a data-toggle='tooltip' title='previous kit' href='/hg/evangelion-00/'>
    <button class='btn btn-default btn-sm' type='button'><span class='glyphicon glyphicon-chevron-left'></span></button></a>
    <a data-toggle='tooltip' title='next kit' href='/hg/ez8/'>
    <button class='btn btn-default btn-sm' type='button'><span class='glyphicon glyphicon-chevron-right'></span></button></a>
  </div>
</div> <!-- row -->
  <div class='row voffset-top'>
    <h2 id='2012-10-12'>2012-10-12</h2>
  </div>
<div class='row voffset-small'>
<div class='col-xs-6 col-md-3 col-lg-2'>
  <div class='gallery-entry voffset-bottom-small'>
    <a class='gallery' href='/photos/full/gcu-00037.jpg' data-sub-html='Let&#39;s go!'>
      <img class='img-rounded img-responsive' src='/photos/thumb/gcu-00037.jpg' alt='Let&#39;s go!' />
      <span class='glyphicon  gallery-icon'></span>
    </a>
  </div>
</div>
</div>
  <div class='row voffset-top'>
    <h2 id='2013-04-22'>2013-04-22</h2>
  </div>
<div class='row voffset-small'>
<div class='col-xs-6 col-md-3 col-lg-2'>
  <div class='gallery-entry voffset-bottom-small'>
    <a class='gallery' href='/photos/full/gcu-00160.jpg' data-sub-html='~~~'>
      <img class='img-rounded img-responsive' src='/photos/thumb/gcu-00160.jpg' alt='~~~' />
      <span class='glyphicon  gallery-icon'></span>
    </a>
  </div>
</div>
<div class='col-xs-6 col-md-3 col-lg-2'>
  <div class='gallery-entry voffset-bottom-small'>
    <a class='gallery' href='/photos/full/gcu-00159.jpg'>
      <img class='img-rounded img-responsive' src='/photos/thumb/gcu-00159.jpg' />
      <span class='glyphicon  gallery-icon'></span>
    </a>
  </div>
</div>
<div class='col-xs-6 col-md-3 col-lg-2'>
  <div class='gallery-entry voffset-bottom-small'>
    <a class='gallery' href='/photos/full/gcu-00161.jpg'>
      <img class='img-rounded img-responsive' src='/photos/thumb/gcu-00161.jpg' />
      <span class='glyphicon  gallery-icon'></span>
    </a>
  </div>
</div>
</div>
  <div class='row voffset-top'>
    <h2 id='2013-05-01'>2013-05-01</h2>
  </div>
<div class='row voffset-small'>
<div class='col-xs-6 col-md-3 col-lg-2'>
  <div class='gallery-entry voffset-bottom-small'>
    <a class='gallery' href='/photos/full/gcu-00199.jpg' data-sub-html='Skyward sword'>
      <img class='img-rounded img-responsive' src='/photos/thumb/gcu-00199.jpg' alt='Skyward sword' />
      <span class='glyphicon  gallery-icon'></span>
    </a>
  </div>
</div>
<div class='col-xs-6 col-md-3 col-lg-2'>
  <div class='gallery-entry voffset-bottom-small'>
    <a class='gallery' href='/photos/full/gcu-00207.jpg' data-sub-html='I&#39;m a lumberjack and I&#39;m okay!'>
      <img class='img-rounded img-responsive' src='/photos/thumb/gcu-00207.jpg' alt='I&#39;m a lumberjack and I&#39;m okay!' />
      <span class='glyphicon  gallery-icon'></span>
    </a>
  </div>
</div>
<div class='col-xs-6 col-md-3 col-lg-2'>
  <div class='gallery-entry voffset-bottom-small'>
    <a class='gallery' href='/photos/full/gcu-00208.jpg'>
      <img class='img-rounded img-responsive' src='/photos/thumb/gcu-00208.jpg' />
      <span class='glyphicon  gallery-icon'></span>
    </a>
  </div>
</div>
<div class='col-xs-6 col-md-3 col-lg-2'>
  <div class='gallery-entry voffset-bottom-small'>
    <a class='gallery' href='/photos/full/gcu-00209.jpg'>
      <img class='img-rounded img-responsive' src='/photos/thumb/gcu-00209.jpg' />
      <span class='glyphicon  gallery-icon'></span>
    </a>
  </div>
</div>
<div class='col-xs-6 col-md-3 col-lg-2'>
  <div class='gallery-entry voffset-bottom-small'>
    <a class='gallery' href='/photos/full/gcu-00210.jpg'>
      <img class='img-rounded img-responsive' src='/photos/thumb/gcu-00210.jpg' />
      <span class='glyphicon  gallery-icon'></span>
    </a>
  </div>
</div>
<div class='col-xs-6 col-md-3 col-lg-2'>
  <div class='gallery-entry voffset-bottom-small'>
    <a class='gallery' href='/photos/full/gcu-00206.jpg' data-sub-html='Come get some.'>
      <img class='img-rounded img-responsive' src='/photos/thumb/gcu-00206.jpg' alt='Come get some.' />
      <span class='glyphicon  gallery-icon'></span>
    </a>
  </div>
</div>
<div class='col-xs-6 col-md-3 col-lg-2'>
  <div class='gallery-entry voffset-bottom-small'>
    <a class='gallery' href='/photos/full/gcu-00193.jpg'>
      <img class='img-rounded img-responsive' src='/photos/thumb/gcu-00193.jpg' />
      <span class='glyphicon  gallery-icon'></span>
    </a>
  </div>
</div>
<div class='col-xs-6 col-md-3 col-lg-2'>
  <div class='gallery-entry voffset-bottom-small'>
    <a class='gallery' href='/photos/full/gcu-00188.jpg' data-sub-html='Oh!'>
      <img class='img-rounded img-responsive' src='/photos/thumb/gcu-00188.jpg' alt='Oh!' />
      <span class='glyphicon  gallery-icon'></span>
    </a>
  </div>
</div>
<div class='col-xs-6 col-md-3 col-lg-2'>
  <div class='gallery-entry voffset-bottom-small'>
    <a class='gallery' href='/photos/full/gcu-00194.jpg' data-sub-html='Gundam Pictures presents...'>
      <img class='img-rounded img-responsive' src='/photos/thumb/gcu-00194.jpg' alt='Gundam Pictures presents...' />
      <span class='glyphicon  gallery-icon'></span>
    </a>
  </div>
</div>
<div class='col-xs-6 col-md-3 col-lg-2'>
  <div class='gallery-entry voffset-bottom-small'>
    <a class='gallery' href='/photos/full/gcu-00195.jpg' data-sub-html='That&#39;s it!'>
      <img class='img-rounded img-responsive' src='/photos/thumb/gcu-00195.jpg' alt='That&#39;s it!' />
      <span class='glyphicon  gallery-icon'></span>
    </a>
  </div>
</div>
<div class='col-xs-6 col-md-3 col-lg-2'>
  <div class='gallery-entry voffset-bottom-small'>
    <a class='gallery' href='/photos/full/gcu-00196.jpg' data-sub-html='神鳴流奥義。。。斬魔剣・弐の太刀！'>
      <img class='img-rounded img-responsive' src='/photos/thumb/gcu-00196.jpg' alt='神鳴流奥義。。。斬魔剣・弐の太刀！' />
      <span class='glyphicon  gallery-icon'></span>
    </a>
  </div>
</div>
<div class='col-xs-6 col-md-3 col-lg-2'>
  <div class='gallery-entry voffset-bottom-small'>
    <a class='gallery' href='/photos/full/gcu-00197.jpg' data-sub-html='Is that thing still sharp?'>
      <img class='img-rounded img-responsive' src='/photos/thumb/gcu-00197.jpg' alt='Is that thing still sharp?' />
      <span class='glyphicon  gallery-icon'></span>
    </a>
  </div>
</div>
<div class='col-xs-6 col-md-3 col-lg-2'>
  <div class='gallery-entry voffset-bottom-small'>
    <a class='gallery' href='/photos/full/gcu-00200.jpg'>
      <img class='img-rounded img-responsive' src='/photos/thumb/gcu-00200.jpg' />
      <span class='glyphicon  gallery-icon'></span>
    </a>
  </div>
</div>
<div class='col-xs-6 col-md-3 col-lg-2'>
  <div class='gallery-entry voffset-bottom-small'>
    <a class='gallery' href='/photos/full/gcu-00198.jpg' data-sub-html='Shield, sword, gun — all in one'>
      <img class='img-rounded img-responsive' src='/photos/thumb/gcu-00198.jpg' alt='Shield, sword, gun — all in one' />
      <span class='glyphicon  gallery-icon'></span>
    </a>
  </div>
</div>
<div class='col-xs-6 col-md-3 col-lg-2'>
  <div class='gallery-entry voffset-bottom-small'>
    <a class='gallery' href='/photos/full/gcu-00201.jpg' data-sub-html='Exterminating targets!'>
      <img class='img-rounded img-responsive' src='/photos/thumb/gcu-00201.jpg' alt='Exterminating targets!' />
      <span class='glyphicon  gallery-icon'></span>
    </a>
  </div>
</div>
<div class='col-xs-6 col-md-3 col-lg-2'>
  <div class='gallery-entry voffset-bottom-small'>
    <a class='gallery' href='/photos/full/gcu-00202.jpg'>
      <img class='img-rounded img-responsive' src='/photos/thumb/gcu-00202.jpg' />
      <span class='glyphicon  gallery-icon'></span>
    </a>
  </div>
</div>
<div class='col-xs-6 col-md-3 col-lg-2'>
  <div class='gallery-entry voffset-bottom-small'>
    <a class='gallery' href='/photos/full/gcu-00203.jpg' data-sub-html='Up, up and away!'>
      <img class='img-rounded img-responsive' src='/photos/thumb/gcu-00203.jpg' alt='Up, up and away!' />
      <span class='glyphicon  gallery-icon'></span>
    </a>
  </div>
</div>
<div class='col-xs-6 col-md-3 col-lg-2'>
  <div class='gallery-entry voffset-bottom-small'>
    <a class='gallery' href='/photos/full/gcu-00204.jpg'>
      <img class='img-rounded img-responsive' src='/photos/thumb/gcu-00204.jpg' />
      <span class='glyphicon  gallery-icon'></span>
    </a>
  </div>
</div>
<div class='col-xs-6 col-md-3 col-lg-2'>
  <div class='gallery-entry voffset-bottom-small'>
    <a class='gallery' href='/photos/full/gcu-00205.jpg' data-sub-html='Armaments'>
      <img class='img-rounded img-responsive' src='/photos/thumb/gcu-00205.jpg' alt='Armaments' />
      <span class='glyphicon  gallery-icon'></span>
    </a>
  </div>
</div>
</div>
<div class='row'>
  <div class='col-sm-12 col-md-7 col-md-offset-1 voffset-top-small'>
    <div class='btn-group btn-group-justified btn-group-lg' role='group'>
      <a class='btn btn-default' href='/hg/' role='button'>
        <span class='glyphicon glyphicon-pawn hidden-xs'></span>
        HG</a>
      <a class='btn btn-default' href='/rg/' role='button'>
        <span class='glyphicon glyphicon-knight hidden-xs'></span>
        RG</a>
      <a class='btn btn-default' href='/mg/' role='button'>
        <span class='glyphicon glyphicon-bishop hidden-xs'></span>
        MG</a>
      <a class='btn btn-default' href='/pg/' role='button'>
        <span class='glyphicon glyphicon-king hidden-xs'></span>
        PG</a>
      <a class='btn btn-default' href='/varia/' role='button'>
        <span class='glyphicon glyphicon-tower hidden-xs'></span>
        Varia</a>
    </div> <!-- btn-group -->
  </div> <!-- column -->
  <div class='col-sm-12 col-md-4 voffset-top-small'>
    <div class='btn-group btn-group-justified btn-group-lg' role='group'>
      <a class='btn btn-danger btn-lg' href='/everything/' role='button'>
        <span class='glyphicon glyphicon-fire'></span>
        Show me everything!</a>
    </div>
  </div> <!-- column -->
</div> <!-- row -->
</div> <!-- container -->
<link href='https://fonts.googleapis.com/css?family=Exo' rel='stylesheet' type='text/css'>
<script> <!-- analytics -->
  (function(i,s,o,g,r,a,m){i['GoogleAnalyticsObject']=r;i[r]=i[r]||function(){
  (i[r].q=i[r].q||[]).push(arguments)},i[r].l=1*new Date();a=s.createElement(o),
  m=s.getElementsByTagName(o)[0];a.async=1;a.src=g;m.parentNode.insertBefore(a,m)
  })(window,document,'script','//www.google-analytics.com/analytics.js','ga');

  ga('create', 'UA-35396418-1', 'auto');
  ga('send', 'pageview');
</script>
<link rel="stylesheet" href="https://cdn.jsdelivr.net/npm/lightgallery.js@1/dist/css/lightgallery.min.css" />
<script src="https://cdn.jsdelivr.net/npm/lightgallery.js@1/dist/js/lightgallery.min.js"></script>
<script src="https://cdn.jsdelivr.net/npm/lg-thumbnail.js@1/dist/lg-thumbnail.min.js"></script>
<script src="https://cdn.jsdelivr.net/npm/lg-zoom.js@1/dist/lg-zoom.min.js"></script>
<script src="https://cdn.jsdelivr.net/npm/lg-video.js@1/dist/lg-video.min.js"></script>
<script src="https://cdn.jsdelivr.net/npm/lg-fullscreen.js@1/dist/lg-fullscreen.min.js"></script>
<script src="https://cdn.jsdelivr.net/npm/lg-autoplay.js@1/dist/lg-autoplay.min.js"></script>
<script src='/js/gcu.js'></script>
<script type='text/javascript'>
document.addEventListener('DOMContentLoaded', gcu.postPageHandler);
</script>
</body></html>