<html lang='en'>
<head>
  <meta charset='utf-8'>
  <meta http-equiv='X-UA-Compatible' content='IE=edge'>
  <meta name='viewport' content='width=device-width, initial-scale=1'>
  <link href='https://cdn.jsdelivr.net/npm/bootstrap3@3/dist/css/bootstrap.min.css' rel='stylesheet'>
  <link href='/css/gcu.css' rel='stylesheet'>
  <link href='/i/favicon.ico' rel='icon' type='image/x-icon'/>
  <link href='/photos/full/gcu-00925.jpg' rel='image_src'/>
  <meta property='og:image' content='https://gcu.tactical-grace.net/photos/full/gcu-00925.jpg'/>
  <meta name='twitter:card' content='summary_large_image'/>
  <meta name='twitter:image' content='https://gcu.tactical-grace.net/photos/full/gcu-00925.jpg'/>
  <meta name='description' content='tactical grace presents: Zaku I Thunderbolt Ver.'/>
  <meta name='twitter:title' content='tactical grace presents: Zaku I Thunderbolt Ver.'/>
  <link href='https://gcu.tactical-grace.net/hg/zaku-i-thunderbolt/' rel='canonical'/>
  <link rel='alternate' type='application/rss+xml' title='tactical grace feed' href='/index.xml'>
  <title>HG: Zaku I Thunderbolt Ver. | tactical grace</title>
  <meta content='HG: Zaku I Thunderbolt Ver. | tactical grace' itemprop='name'/>
</head>
<body>
<div class='container'>
<div class='row'><!-- title and mininav -->
  <div class='col-sm-12 col-md-8 text-right'>
  <h1 class='title'><a href='/hg/zaku-i-thunderbolt/'>HG: Zaku I Thunderbolt Ver.</a></h1>
</div> <!-- column -->
  <div class='col-sm-12 col-md-4 text-right voffset-top'>
    <a data-toggle='tooltip' title='main page' href='/'>
    <button class='btn btn-default btn-sm' type='button'><span class='glyphicon glyphicon-home'></span></button></a>
    <a data-toggle='tooltip' title='contact the author' href='https://goo.gl/forms/iJEsfLjBy1FE86aQ2'>
    <button class='btn btn-default btn-sm' type='button'><span class='glyphicon glyphicon-envelope'></span></button></a>
    <a data-toggle='tooltip' title='grade page' href='/hg/'>
    <button class='btn btn-default btn-sm' type='button'><span class='glyphicon glyphicon-th'></span></button></a>
    <a data-toggle='tooltip' title='previous kit' href='/hg/zaku-i-sniper/'>
    <button class='btn btn-default btn-sm' type='button'><span class='glyphicon glyphicon-chevron-left'></span></button></a>
    <a data-toggle='tooltip' title='next kit' href='/hg/zaku-tri-star/'>
    <button class='btn btn-default btn-sm' type='button'><span class='glyphicon glyphicon-chevron-right'></span></button></a>
  </div>
</div> <!-- row -->
  <div class='row voffset-top'>
    <h2 id='2018-01-16'>2018-01-16</h2>
  </div>
<div class='row voffset-small'>
<div class='col-xs-6 col-md-3 col-lg-2'>
  <div class='gallery-entry voffset-bottom-small'>
    <a class='gallery' href='/photos/full/gcu-00918.jpg' data-sub-html='Standard fare, although look at them stickers!'>
      <img class='img-rounded img-responsive' src='/photos/thumb/gcu-00918.jpg' alt='Standard fare, although look at them stickers!' />
      <span class='glyphicon  gallery-icon'></span>
    </a>
  </div>
</div>
<div class='col-xs-6 col-md-3 col-lg-2'>
  <div class='gallery-entry voffset-bottom-small'>
    <a class='gallery' href='/photos/full/gcu-00919.jpg' data-sub-html='Decent color separation.'>
      <img class='img-rounded img-responsive' src='/photos/thumb/gcu-00919.jpg' alt='Decent color separation.' />
      <span class='glyphicon  gallery-icon'></span>
    </a>
  </div>
</div>
<div class='col-xs-6 col-md-3 col-lg-2'>
  <div class='gallery-entry voffset-bottom-small'>
    <a class='gallery' href='/photos/full/gcu-00920.jpg' data-sub-html='They did away with &#34;crumpled fabric&#34; thingy. Less realistic, but also less tacky IMO.'>
      <img class='img-rounded img-responsive' src='/photos/thumb/gcu-00920.jpg' alt='They did away with &#34;crumpled fabric&#34; thingy. Less realistic, but also less tacky IMO.' />
      <span class='glyphicon  gallery-icon'></span>
    </a>
  </div>
</div>
<div class='col-xs-6 col-md-3 col-lg-2'>
  <div class='gallery-entry voffset-bottom-small'>
    <a class='gallery' href='/photos/full/gcu-00921.jpg' data-sub-html='Too bad that top of the hand isn&#39;t a different color.'>
      <img class='img-rounded img-responsive' src='/photos/thumb/gcu-00921.jpg' alt='Too bad that top of the hand isn&#39;t a different color.' />
      <span class='glyphicon  gallery-icon'></span>
    </a>
  </div>
</div>
<div class='col-xs-6 col-md-3 col-lg-2'>
  <div class='gallery-entry voffset-bottom-small'>
    <a class='gallery' href='/photos/full/gcu-00922.jpg' data-sub-html='&#34;I&#39;m a teapot, short and stout&#34;'>
      <img class='img-rounded img-responsive' src='/photos/thumb/gcu-00922.jpg' alt='&#34;I&#39;m a teapot, short and stout&#34;' />
      <span class='glyphicon  gallery-icon'></span>
    </a>
  </div>
</div>
<div class='col-xs-6 col-md-3 col-lg-2'>
  <div class='gallery-entry voffset-bottom-small'>
    <a class='gallery' href='/photos/full/gcu-00923.jpg'>
      <img class='img-rounded img-responsive' src='/photos/thumb/gcu-00923.jpg' />
      <span class='glyphicon  gallery-icon'></span>
    </a>
  </div>
</div>
<div class='col-xs-6 col-md-3 col-lg-2'>
  <div class='gallery-entry voffset-bottom-small'>
    <a class='gallery' href='/photos/full/gcu-00924.jpg' data-sub-html='Good weapon selection, but it could use some color separation on the bazookas.'>
      <img class='img-rounded img-responsive' src='/photos/thumb/gcu-00924.jpg' alt='Good weapon selection, but it could use some color separation on the bazookas.' />
      <span class='glyphicon  gallery-icon'></span>
    </a>
  </div>
</div>
<div class='col-xs-6 col-md-3 col-lg-2'>
  <div class='gallery-entry voffset-bottom-small'>
    <a class='gallery' href='/photos/full/gcu-00925.jpg' data-sub-html='OOB looks surprisingly well!'>
      <img class='img-rounded img-responsive' src='/photos/thumb/gcu-00925.jpg' alt='OOB looks surprisingly well!' />
      <span class='glyphicon  gallery-icon'></span>
    </a>
  </div>
</div>
<div class='col-xs-6 col-md-3 col-lg-2'>
  <div class='gallery-entry voffset-bottom-small'>
    <a class='gallery' href='/photos/full/gcu-00926.jpg'>
      <img class='img-rounded img-responsive' src='/photos/thumb/gcu-00926.jpg' />
      <span class='glyphicon  gallery-icon'></span>
    </a>
  </div>
</div>
<div class='col-xs-6 col-md-3 col-lg-2'>
  <div class='gallery-entry voffset-bottom-small'>
    <a class='gallery' href='/photos/full/gcu-00927.jpg' data-sub-html='*click*'>
      <img class='img-rounded img-responsive' src='/photos/thumb/gcu-00927.jpg' alt='*click*' />
      <span class='glyphicon  gallery-icon'></span>
    </a>
  </div>
</div>
<div class='col-xs-6 col-md-3 col-lg-2'>
  <div class='gallery-entry voffset-bottom-small'>
    <a class='gallery' href='/photos/full/gcu-00928.jpg' data-sub-html='&#34;Who wants some?&#34;'>
      <img class='img-rounded img-responsive' src='/photos/thumb/gcu-00928.jpg' alt='&#34;Who wants some?&#34;' />
      <span class='glyphicon  gallery-icon'></span>
    </a>
  </div>
</div>
</div>
<div class='row'>
  <div class='col-sm-12 col-md-7 col-md-offset-1 voffset-top-small'>
    <div class='btn-group btn-group-justified btn-group-lg' role='group'>
      <a class='btn btn-default' href='/hg/' role='button'>
        <span class='glyphicon glyphicon-pawn hidden-xs'></span>
        HG</a>
      <a class='btn btn-default' href='/rg/' role='button'>
        <span class='glyphicon glyphicon-knight hidden-xs'></span>
        RG</a>
      <a class='btn btn-default' href='/mg/' role='button'>
        <span class='glyphicon glyphicon-bishop hidden-xs'></span>
        MG</a>
      <a class='btn btn-default' href='/pg/' role='button'>
        <span class='glyphicon glyphicon-king hidden-xs'></span>
        PG</a>
      <a class='btn btn-default' href='/varia/' role='button'>
        <span class='glyphicon glyphicon-tower hidden-xs'></span>
        Varia</a>
    </div> <!-- btn-group -->
  </div> <!-- column -->
  <div class='col-sm-12 col-md-4 voffset-top-small'>
    <div class='btn-group btn-group-justified btn-group-lg' role='group'>
      <a class='btn btn-danger btn-lg' href='/everything/' role='button'>
        <span class='glyphicon glyphicon-fire'></span>
        Show me everything!</a>
    </div>
  </div> <!-- column -->
</div> <!-- row -->
</div> <!-- container -->
<link href='https://fonts.googleapis.com/css?family=Exo' rel='stylesheet' type='text/css'>
<script> <!-- analytics -->
  (function(i,s,o,g,r,a,m){i['GoogleAnalyticsObject']=r;i[r]=i[r]||function(){
  (i[r].q=i[r].q||[]).push(arguments)},i[r].l=1*new Date();a=s.createElement(o),
  m=s.getElementsByTagName(o)[0];a.async=1;a.src=g;m.parentNode.insertBefore(a,m)
  })(window,document,'script','//www.google-analytics.com/analytics.js','ga');

  ga('create', 'UA-35396418-1', 'auto');
  ga('send', 'pageview');
</script>
<link rel="stylesheet" href="https://cdn.jsdelivr.net/npm/lightgallery.js@1/dist/css/lightgallery.min.css" />
<script src="https://cdn.jsdelivr.net/npm/lightgallery.js@1/dist/js/lightgallery.min.js"></script>
<script src="https://cdn.jsdelivr.net/npm/lg-thumbnail.js@1/dist/lg-thumbnail.min.js"></script>
<script src="https://cdn.jsdelivr.net/npm/lg-zoom.js@1/dist/lg-zoom.min.js"></script>
<script src="https://cdn.jsdelivr.net/npm/lg-video.js@1/dist/lg-video.min.js"></script>
<script src="https://cdn.jsdelivr.net/npm/lg-fullscreen.js@1/dist/lg-fullscreen.min.js"></script>
<script src="https://cdn.jsdelivr.net/npm/lg-autoplay.js@1/dist/lg-autoplay.min.js"></script>
<script src='/js/gcu.js'></script>
<script type='text/javascript'>
document.addEventListener('DOMContentLoaded', gcu.postPageHandler);
</script>
</body></html>