<html lang='en'>
<head>
  <meta charset='utf-8'>
  <meta http-equiv='X-UA-Compatible' content='IE=edge'>
  <meta name='viewport' content='width=device-width, initial-scale=1'>
  <link href='https://cdn.jsdelivr.net/npm/bootstrap3@3/dist/css/bootstrap.min.css' rel='stylesheet'>
  <link href='/css/gcu.css' rel='stylesheet'>
  <link href='/i/favicon.ico' rel='icon' type='image/x-icon'/>
  <link href='/photos/full/gcu-00909.jpg' rel='image_src'/>
  <meta property='og:image' content='https://gcu.tactical-grace.net/photos/full/gcu-00909.jpg'/>
  <meta name='twitter:card' content='summary_large_image'/>
  <meta name='twitter:image' content='https://gcu.tactical-grace.net/photos/full/gcu-00909.jpg'/>
  <meta name='description' content='tactical grace presents: 00 Raiser'/>
  <meta name='twitter:title' content='tactical grace presents: 00 Raiser'/>
  <link href='https://gcu.tactical-grace.net/pg/00-raiser/' rel='canonical'/>
  <link rel='alternate' type='application/rss+xml' title='tactical grace feed' href='/index.xml'>
  <title>PG: 00 Raiser | tactical grace</title>
  <meta content='PG: 00 Raiser | tactical grace' itemprop='name'/>
</head>
<body>
<div class='container'>
<div class='row'><!-- title and mininav -->
  <div class='col-sm-12 col-md-8 text-right'>
  <h1 class='title'><a href='/pg/00-raiser/'>PG: 00 Raiser</a></h1>
</div> <!-- column -->
  <div class='col-sm-12 col-md-4 text-right voffset-top'>
    <a data-toggle='tooltip' title='main page' href='/'>
    <button class='btn btn-default btn-sm' type='button'><span class='glyphicon glyphicon-home'></span></button></a>
    <a data-toggle='tooltip' title='contact the author' href='https://goo.gl/forms/iJEsfLjBy1FE86aQ2'>
    <button class='btn btn-default btn-sm' type='button'><span class='glyphicon glyphicon-envelope'></span></button></a>
    <a data-toggle='tooltip' title='grade page' href='/pg/'>
    <button class='btn btn-default btn-sm' type='button'><span class='glyphicon glyphicon-th'></span></button></a>
  </div>
</div> <!-- row -->
  <div class='row voffset-top'>
    <h2 id='2016-06-19'>2016-06-19</h2>
  </div>
<div class='row voffset-small'>
<div class='col-xs-6 col-md-3 col-lg-2'>
  <div class='gallery-entry voffset-bottom-small'>
    <a class='gallery' href='/photos/full/gcu-00791.jpg' data-sub-html='It&#39;s a Spanish story about a guy called &#34;Manual&#34;'>
      <img class='img-rounded img-responsive' src='/photos/thumb/gcu-00791.jpg' alt='It&#39;s a Spanish story about a guy called &#34;Manual&#34;' />
      <span class='glyphicon  gallery-icon'></span>
    </a>
  </div>
</div>
<div class='col-xs-6 col-md-3 col-lg-2'>
  <div class='gallery-entry voffset-bottom-small'>
    <a class='gallery' href='/photos/full/gcu-00792.jpg' data-sub-html='Boxes for the kit and the extra clear parts.'>
      <img class='img-rounded img-responsive' src='/photos/thumb/gcu-00792.jpg' alt='Boxes for the kit and the extra clear parts.' />
      <span class='glyphicon  gallery-icon'></span>
    </a>
  </div>
</div>
<div class='col-xs-6 col-md-3 col-lg-2'>
  <div class='gallery-entry voffset-bottom-small'>
    <a class='gallery' href='/photos/full/gcu-00793.jpg' data-sub-html='Kit box unpacked; more boxes inside!'>
      <img class='img-rounded img-responsive' src='/photos/thumb/gcu-00793.jpg' alt='Kit box unpacked; more boxes inside!' />
      <span class='glyphicon  gallery-icon'></span>
    </a>
  </div>
</div>
<div class='col-xs-6 col-md-3 col-lg-2'>
  <div class='gallery-entry voffset-bottom-small'>
    <a class='gallery' href='/photos/full/gcu-00794.jpg' data-sub-html='Manual lists all runners needed for specific part; those are for the feet.'>
      <img class='img-rounded img-responsive' src='/photos/thumb/gcu-00794.jpg' alt='Manual lists all runners needed for specific part; those are for the feet.' />
      <span class='glyphicon  gallery-icon'></span>
    </a>
  </div>
</div>
<div class='col-xs-6 col-md-3 col-lg-2'>
  <div class='gallery-entry voffset-bottom-small'>
    <a class='gallery' href='/photos/full/gcu-00795.jpg' data-sub-html='Foot w/ clear parts.'>
      <img class='img-rounded img-responsive' src='/photos/thumb/gcu-00795.jpg' alt='Foot w/ clear parts.' />
      <span class='glyphicon  gallery-icon'></span>
    </a>
  </div>
</div>
<div class='col-xs-6 col-md-3 col-lg-2'>
  <div class='gallery-entry voffset-bottom-small'>
    <a class='gallery' href='/photos/full/gcu-00796.jpg'>
      <img class='img-rounded img-responsive' src='/photos/thumb/gcu-00796.jpg' />
      <span class='glyphicon  gallery-icon'></span>
    </a>
  </div>
</div>
<div class='col-xs-6 col-md-3 col-lg-2'>
  <div class='gallery-entry voffset-bottom-small'>
    <a class='gallery' href='/photos/full/gcu-00797.jpg' data-sub-html='Decided to build the inner frame first.'>
      <img class='img-rounded img-responsive' src='/photos/thumb/gcu-00797.jpg' alt='Decided to build the inner frame first.' />
      <span class='glyphicon  gallery-icon'></span>
    </a>
  </div>
</div>
<div class='col-xs-6 col-md-3 col-lg-2'>
  <div class='gallery-entry voffset-bottom-small'>
    <a class='gallery' href='/photos/full/gcu-00798.jpg' data-sub-html='Hollow leg without GN condenser.'>
      <img class='img-rounded img-responsive' src='/photos/thumb/gcu-00798.jpg' alt='Hollow leg without GN condenser.' />
      <span class='glyphicon  gallery-icon'></span>
    </a>
  </div>
</div>
<div class='col-xs-6 col-md-3 col-lg-2'>
  <div class='gallery-entry voffset-bottom-small'>
    <a class='gallery' href='/photos/full/gcu-00799.jpg'>
      <img class='img-rounded img-responsive' src='/photos/thumb/gcu-00799.jpg' />
      <span class='glyphicon  gallery-icon'></span>
    </a>
  </div>
</div>
<div class='col-xs-6 col-md-3 col-lg-2'>
  <div class='gallery-entry voffset-bottom-small'>
    <a class='gallery' href='/photos/full/gcu-00800.jpg' data-sub-html='Spring for GN condenser.'>
      <img class='img-rounded img-responsive' src='/photos/thumb/gcu-00800.jpg' alt='Spring for GN condenser.' />
      <span class='glyphicon  gallery-icon'></span>
    </a>
  </div>
</div>
<div class='col-xs-6 col-md-3 col-lg-2'>
  <div class='gallery-entry voffset-bottom-small'>
    <a class='gallery' href='/photos/full/gcu-00801.jpg' data-sub-html='Leg with GN condenser; it locks the joint in position.'>
      <img class='img-rounded img-responsive' src='/photos/thumb/gcu-00801.jpg' alt='Leg with GN condenser; it locks the joint in position.' />
      <span class='glyphicon  gallery-icon'></span>
    </a>
  </div>
</div>
<div class='col-xs-6 col-md-3 col-lg-2'>
  <div class='gallery-entry voffset-bottom-small'>
    <a class='gallery' href='/photos/full/gcu-00802.jpg' data-sub-html='One leg completed.'>
      <img class='img-rounded img-responsive' src='/photos/thumb/gcu-00802.jpg' alt='One leg completed.' />
      <span class='glyphicon  gallery-icon'></span>
    </a>
  </div>
</div>
<div class='col-xs-6 col-md-3 col-lg-2'>
  <div class='gallery-entry voffset-bottom-small'>
    <a class='gallery' href='/photos/full/gcu-00803.jpg' data-sub-html='Both legs ready.'>
      <img class='img-rounded img-responsive' src='/photos/thumb/gcu-00803.jpg' alt='Both legs ready.' />
      <span class='glyphicon  gallery-icon'></span>
    </a>
  </div>
</div>
<div class='col-xs-6 col-md-3 col-lg-2'>
  <div class='gallery-entry voffset-bottom-small'>
    <a class='gallery' href='/photos/full/gcu-00804.jpg' data-sub-html='Empty runners after building both legs and feet.'>
      <img class='img-rounded img-responsive' src='/photos/thumb/gcu-00804.jpg' alt='Empty runners after building both legs and feet.' />
      <span class='glyphicon  gallery-icon'></span>
    </a>
  </div>
</div>
</div>
  <div class='row voffset-top'>
    <h2 id='2016-07-24'>2016-07-24</h2>
  </div>
<div class='row voffset-small'>
<div class='col-xs-6 col-md-3 col-lg-2'>
  <div class='gallery-entry voffset-bottom-small'>
    <a class='gallery' href='/photos/full/gcu-00805.jpg' data-sub-html='Early prototype of Gekko.'>
      <img class='img-rounded img-responsive' src='/photos/thumb/gcu-00805.jpg' alt='Early prototype of Gekko.' />
      <span class='glyphicon  gallery-icon'></span>
    </a>
  </div>
</div>
<div class='col-xs-6 col-md-3 col-lg-2'>
  <div class='gallery-entry voffset-bottom-small'>
    <a class='gallery' href='/photos/full/gcu-00806.jpg' data-sub-html='Imagine, if you will, a pair of tiny T-Rex arms there...'>
      <img class='img-rounded img-responsive' src='/photos/thumb/gcu-00806.jpg' alt='Imagine, if you will, a pair of tiny T-Rex arms there...' />
      <span class='glyphicon  gallery-icon'></span>
    </a>
  </div>
</div>
<div class='col-xs-6 col-md-3 col-lg-2'>
  <div class='gallery-entry voffset-bottom-small'>
    <a class='gallery' href='/photos/full/gcu-00807.jpg' data-sub-html='Lots of disassembly, after I put one piece in a wrong way, early on.'>
      <img class='img-rounded img-responsive' src='/photos/thumb/gcu-00807.jpg' alt='Lots of disassembly, after I put one piece in a wrong way, early on.' />
      <span class='glyphicon  gallery-icon'></span>
    </a>
  </div>
</div>
<div class='col-xs-6 col-md-3 col-lg-2'>
  <div class='gallery-entry voffset-bottom-small'>
    <a class='gallery' href='/photos/full/gcu-00808.jpg' data-sub-html='Skull.'>
      <img class='img-rounded img-responsive' src='/photos/thumb/gcu-00808.jpg' alt='Skull.' />
      <span class='glyphicon  gallery-icon'></span>
    </a>
  </div>
</div>
<div class='col-xs-6 col-md-3 col-lg-2'>
  <div class='gallery-entry voffset-bottom-small'>
    <a class='gallery' href='/photos/full/gcu-00809.jpg'>
      <img class='img-rounded img-responsive' src='/photos/thumb/gcu-00809.jpg' />
      <span class='glyphicon  gallery-icon'></span>
    </a>
  </div>
</div>
<div class='col-xs-6 col-md-3 col-lg-2'>
  <div class='gallery-entry voffset-bottom-small'>
    <a class='gallery' href='/photos/full/gcu-00810.jpg' data-sub-html='Head online.'>
      <img class='img-rounded img-responsive' src='/photos/thumb/gcu-00810.jpg' alt='Head online.' />
      <span class='glyphicon  gallery-icon'></span>
    </a>
  </div>
</div>
<div class='col-xs-6 col-md-3 col-lg-2'>
  <div class='gallery-entry voffset-bottom-small'>
    <a class='gallery' href='/photos/full/gcu-00811.jpg' data-sub-html='Torso is ready.'>
      <img class='img-rounded img-responsive' src='/photos/thumb/gcu-00811.jpg' alt='Torso is ready.' />
      <span class='glyphicon  gallery-icon'></span>
    </a>
  </div>
</div>
<div class='col-xs-6 col-md-3 col-lg-2'>
  <div class='gallery-entry voffset-bottom-small'>
    <a class='gallery' href='/photos/full/gcu-00812.jpg' data-sub-html='When you find that the hand design is just right.'>
      <img class='img-rounded img-responsive' src='/photos/thumb/gcu-00812.jpg' alt='When you find that the hand design is just right.' />
      <span class='glyphicon  gallery-icon'></span>
    </a>
  </div>
</div>
</div>
  <div class='row voffset-top'>
    <h2 id='2016-10-16'>2016-10-16</h2>
  </div>
<div class='row voffset-small'>
<div class='col-xs-6 col-md-3 col-lg-2'>
  <div class='gallery-entry voffset-bottom-small'>
    <a class='gallery' href='/photos/full/gcu-00813.jpg'>
      <img class='img-rounded img-responsive' src='/photos/thumb/gcu-00813.jpg' />
      <span class='glyphicon  gallery-icon'></span>
    </a>
  </div>
</div>
<div class='col-xs-6 col-md-3 col-lg-2'>
  <div class='gallery-entry voffset-bottom-small'>
    <a class='gallery' href='/photos/full/gcu-00814.jpg' data-sub-html='Ready to teleport.'>
      <img class='img-rounded img-responsive' src='/photos/thumb/gcu-00814.jpg' alt='Ready to teleport.' />
      <span class='glyphicon  gallery-icon'></span>
    </a>
  </div>
</div>
<div class='col-xs-6 col-md-3 col-lg-2'>
  <div class='gallery-entry voffset-bottom-small'>
    <a class='gallery' href='/photos/full/gcu-00815.jpg'>
      <img class='img-rounded img-responsive' src='/photos/thumb/gcu-00815.jpg' />
      <span class='glyphicon  gallery-icon'></span>
    </a>
  </div>
</div>
<div class='col-xs-6 col-md-3 col-lg-2'>
  <div class='gallery-entry voffset-bottom-small'>
    <a class='gallery' href='/photos/full/gcu-00816.jpg' data-sub-html='BLAM!'>
      <img class='img-rounded img-responsive' src='/photos/thumb/gcu-00816.jpg' alt='BLAM!' />
      <span class='glyphicon  gallery-icon'></span>
    </a>
  </div>
</div>
<div class='col-xs-6 col-md-3 col-lg-2'>
  <div class='gallery-entry voffset-bottom-small'>
    <a class='gallery' href='/photos/full/gcu-00817.jpg'>
      <img class='img-rounded img-responsive' src='/photos/thumb/gcu-00817.jpg' />
      <span class='glyphicon  gallery-icon'></span>
    </a>
  </div>
</div>
<div class='col-xs-6 col-md-3 col-lg-2'>
  <div class='gallery-entry voffset-bottom-small'>
    <a class='gallery' href='/photos/full/gcu-00818.jpg'>
      <img class='img-rounded img-responsive' src='/photos/thumb/gcu-00818.jpg' />
      <span class='glyphicon  gallery-icon'></span>
    </a>
  </div>
</div>
<div class='col-xs-6 col-md-3 col-lg-2'>
  <div class='gallery-entry voffset-bottom-small'>
    <a class='gallery' href='/photos/full/gcu-00819.jpg' data-sub-html='They actually spin up.'>
      <img class='img-rounded img-responsive' src='/photos/thumb/gcu-00819.jpg' alt='They actually spin up.' />
      <span class='glyphicon  gallery-icon'></span>
    </a>
  </div>
</div>
<div class='col-xs-6 col-md-3 col-lg-2'>
  <div class='gallery-entry voffset-bottom-small'>
    <a class='gallery' href='/photos/full/gcu-00820.jpg'>
      <img class='img-rounded img-responsive' src='/photos/thumb/gcu-00820.jpg' />
      <span class='glyphicon  gallery-icon'></span>
    </a>
  </div>
</div>
<div class='col-xs-6 col-md-3 col-lg-2'>
  <div class='gallery-entry voffset-bottom-small'>
    <a class='gallery' href='/photos/full/gcu-00821.jpg' data-sub-html='All lit up.'>
      <img class='img-rounded img-responsive' src='/photos/thumb/gcu-00821.jpg' alt='All lit up.' />
      <span class='glyphicon  gallery-icon'></span>
    </a>
  </div>
</div>
<div class='col-xs-6 col-md-3 col-lg-2'>
  <div class='gallery-entry voffset-bottom-small'>
    <a class='gallery' href='/photos/full/gcu-00822.jpg'>
      <img class='img-rounded img-responsive' src='/photos/thumb/gcu-00822.jpg' />
      <span class='glyphicon  gallery-icon'></span>
    </a>
  </div>
</div>
<div class='col-xs-6 col-md-3 col-lg-2'>
  <div class='gallery-entry voffset-bottom-small'>
    <a class='gallery' href='/photos/full/gcu-00823.jpg' data-sub-html='「我らがビッグ・ファイアのために！」'>
      <img class='img-rounded img-responsive' src='/photos/thumb/gcu-00823.jpg' alt='「我らがビッグ・ファイアのために！」' />
      <span class='glyphicon  gallery-icon'></span>
    </a>
  </div>
</div>
<div class='col-xs-6 col-md-3 col-lg-2'>
  <div class='gallery-entry voffset-bottom-small'>
    <a class='gallery' href='/photos/full/gcu-00831.jpg' data-sub-html='&#34;Stand by for titanfall!&#34;'>
      <img class='img-rounded img-responsive' src='/photos/thumb/gcu-00831.jpg' alt='&#34;Stand by for titanfall!&#34;' />
      <span class='glyphicon  gallery-icon'></span>
    </a>
  </div>
</div>
</div>
  <div class='row voffset-top'>
    <h2 id='2017-11-18'>2017-11-18</h2>
  </div>
<div class='row voffset-small'>
<div class='col-xs-6 col-md-3 col-lg-2'>
  <div class='gallery-entry voffset-bottom-small'>
    <a class='gallery' href='/photos/full/gcu-00902.jpg' data-sub-html='Tall and proud.'>
      <img class='img-rounded img-responsive' src='/photos/thumb/gcu-00902.jpg' alt='Tall and proud.' />
      <span class='glyphicon  gallery-icon'></span>
    </a>
  </div>
</div>
<div class='col-xs-6 col-md-3 col-lg-2'>
  <div class='gallery-entry voffset-bottom-small'>
    <a class='gallery' href='/photos/full/gcu-00903.jpg'>
      <img class='img-rounded img-responsive' src='/photos/thumb/gcu-00903.jpg' />
      <span class='glyphicon  gallery-icon'></span>
    </a>
  </div>
</div>
<div class='col-xs-6 col-md-3 col-lg-2'>
  <div class='gallery-entry voffset-bottom-small'>
    <a class='gallery' href='/photos/full/gcu-00904.jpg'>
      <img class='img-rounded img-responsive' src='/photos/thumb/gcu-00904.jpg' />
      <span class='glyphicon  gallery-icon'></span>
    </a>
  </div>
</div>
<div class='col-xs-6 col-md-3 col-lg-2'>
  <div class='gallery-entry voffset-bottom-small'>
    <a class='gallery' href='/photos/full/gcu-00905.jpg' data-sub-html='This kit is back-heavy even in its minimal configuration.'>
      <img class='img-rounded img-responsive' src='/photos/thumb/gcu-00905.jpg' alt='This kit is back-heavy even in its minimal configuration.' />
      <span class='glyphicon  gallery-icon'></span>
    </a>
  </div>
</div>
<div class='col-xs-6 col-md-3 col-lg-2'>
  <div class='gallery-entry voffset-bottom-small'>
    <a class='gallery' href='/photos/full/gcu-00906.jpg'>
      <img class='img-rounded img-responsive' src='/photos/thumb/gcu-00906.jpg' />
      <span class='glyphicon  gallery-icon'></span>
    </a>
  </div>
</div>
<div class='col-xs-6 col-md-3 col-lg-2'>
  <div class='gallery-entry voffset-bottom-small'>
    <a class='gallery' href='/photos/full/gcu-00907.jpg'>
      <img class='img-rounded img-responsive' src='/photos/thumb/gcu-00907.jpg' />
      <span class='glyphicon  gallery-icon'></span>
    </a>
  </div>
</div>
<div class='col-xs-6 col-md-3 col-lg-2'>
  <div class='gallery-entry voffset-bottom-small'>
    <a class='gallery' href='/photos/full/gcu-00908.jpg'>
      <img class='img-rounded img-responsive' src='/photos/thumb/gcu-00908.jpg' />
      <span class='glyphicon  gallery-icon'></span>
    </a>
  </div>
</div>
<div class='col-xs-6 col-md-3 col-lg-2'>
  <div class='gallery-entry voffset-bottom-small'>
    <a class='gallery' href='/photos/full/gcu-00909.jpg'>
      <img class='img-rounded img-responsive' src='/photos/thumb/gcu-00909.jpg' />
      <span class='glyphicon  gallery-icon'></span>
    </a>
  </div>
</div>
<div class='col-xs-6 col-md-3 col-lg-2'>
  <div class='gallery-entry voffset-bottom-small'>
    <a class='gallery' href='/photos/full/gcu-00910.jpg' data-sub-html='Ran out of patience trying to make it stand with 0 Raiser.'>
      <img class='img-rounded img-responsive' src='/photos/thumb/gcu-00910.jpg' alt='Ran out of patience trying to make it stand with 0 Raiser.' />
      <span class='glyphicon  gallery-icon'></span>
    </a>
  </div>
</div>
<div class='col-xs-6 col-md-3 col-lg-2'>
  <div class='gallery-entry voffset-bottom-small'>
    <a class='gallery' href='/photos/full/gcu-00911.jpg' data-sub-html='Come out, I promise I won&#39;t bite your head off...'>
      <img class='img-rounded img-responsive' src='/photos/thumb/gcu-00911.jpg' alt='Come out, I promise I won&#39;t bite your head off...' />
      <span class='glyphicon  gallery-icon'></span>
    </a>
  </div>
</div>
<div class='col-xs-6 col-md-3 col-lg-2'>
  <div class='gallery-entry voffset-bottom-small'>
    <a class='gallery' href='/photos/full/gcu-00912.jpg' data-sub-html='Poor Saji, relegated to a literal backseat driver.'>
      <img class='img-rounded img-responsive' src='/photos/thumb/gcu-00912.jpg' alt='Poor Saji, relegated to a literal backseat driver.' />
      <span class='glyphicon  gallery-icon'></span>
    </a>
  </div>
</div>
<div class='col-xs-6 col-md-3 col-lg-2'>
  <div class='gallery-entry voffset-bottom-small'>
    <a class='gallery' href='/photos/full/gcu-00913.jpg' data-sub-html='Decal every missile. Then hide them in the photos.'>
      <img class='img-rounded img-responsive' src='/photos/thumb/gcu-00913.jpg' alt='Decal every missile. Then hide them in the photos.' />
      <span class='glyphicon  gallery-icon'></span>
    </a>
  </div>
</div>
<div class='col-xs-6 col-md-3 col-lg-2'>
  <div class='gallery-entry voffset-bottom-small'>
    <a class='gallery' href='/photos/full/gcu-00914.jpg'>
      <img class='img-rounded img-responsive' src='/photos/thumb/gcu-00914.jpg' />
      <span class='glyphicon  gallery-icon'></span>
    </a>
  </div>
</div>
<div class='col-xs-6 col-md-3 col-lg-2'>
  <div class='gallery-entry voffset-bottom-small'>
    <a class='gallery' href='/photos/full/gcu-00915.jpg' data-sub-html='Sadly, the landing gear is non-functional.'>
      <img class='img-rounded img-responsive' src='/photos/thumb/gcu-00915.jpg' alt='Sadly, the landing gear is non-functional.' />
      <span class='glyphicon  gallery-icon'></span>
    </a>
  </div>
</div>
<div class='col-xs-6 col-md-3 col-lg-2'>
  <div class='gallery-entry voffset-bottom-small'>
    <a class='gallery' href='/photos/full/gcu-00916.jpg'>
      <img class='img-rounded img-responsive' src='/photos/thumb/gcu-00916.jpg' />
      <span class='glyphicon  gallery-icon'></span>
    </a>
  </div>
</div>
<div class='col-xs-6 col-md-3 col-lg-2'>
  <div class='gallery-entry voffset-bottom-small'>
    <a class='gallery' href='/photos/full/gcu-00917.jpg' data-sub-html='Gave up on action poses; it&#39;s just too cumbersome to pose.'>
      <img class='img-rounded img-responsive' src='/photos/thumb/gcu-00917.jpg' alt='Gave up on action poses; it&#39;s just too cumbersome to pose.' />
      <span class='glyphicon  gallery-icon'></span>
    </a>
  </div>
</div>
</div>
<div class='row'>
  <div class='col-sm-12 col-md-7 col-md-offset-1 voffset-top-small'>
    <div class='btn-group btn-group-justified btn-group-lg' role='group'>
      <a class='btn btn-default' href='/hg/' role='button'>
        <span class='glyphicon glyphicon-pawn hidden-xs'></span>
        HG</a>
      <a class='btn btn-default' href='/rg/' role='button'>
        <span class='glyphicon glyphicon-knight hidden-xs'></span>
        RG</a>
      <a class='btn btn-default' href='/mg/' role='button'>
        <span class='glyphicon glyphicon-bishop hidden-xs'></span>
        MG</a>
      <a class='btn btn-default' href='/pg/' role='button'>
        <span class='glyphicon glyphicon-king hidden-xs'></span>
        PG</a>
      <a class='btn btn-default' href='/varia/' role='button'>
        <span class='glyphicon glyphicon-tower hidden-xs'></span>
        Varia</a>
    </div> <!-- btn-group -->
  </div> <!-- column -->
  <div class='col-sm-12 col-md-4 voffset-top-small'>
    <div class='btn-group btn-group-justified btn-group-lg' role='group'>
      <a class='btn btn-danger btn-lg' href='/everything/' role='button'>
        <span class='glyphicon glyphicon-fire'></span>
        Show me everything!</a>
    </div>
  </div> <!-- column -->
</div> <!-- row -->
</div> <!-- container -->
<link href='https://fonts.googleapis.com/css?family=Exo' rel='stylesheet' type='text/css'>
<script> <!-- analytics -->
  (function(i,s,o,g,r,a,m){i['GoogleAnalyticsObject']=r;i[r]=i[r]||function(){
  (i[r].q=i[r].q||[]).push(arguments)},i[r].l=1*new Date();a=s.createElement(o),
  m=s.getElementsByTagName(o)[0];a.async=1;a.src=g;m.parentNode.insertBefore(a,m)
  })(window,document,'script','//www.google-analytics.com/analytics.js','ga');

  ga('create', 'UA-35396418-1', 'auto');
  ga('send', 'pageview');
</script>
<link rel="stylesheet" href="https://cdn.jsdelivr.net/npm/lightgallery.js@1/dist/css/lightgallery.min.css" />
<script src="https://cdn.jsdelivr.net/npm/lightgallery.js@1/dist/js/lightgallery.min.js"></script>
<script src="https://cdn.jsdelivr.net/npm/lg-thumbnail.js@1/dist/lg-thumbnail.min.js"></script>
<script src="https://cdn.jsdelivr.net/npm/lg-zoom.js@1/dist/lg-zoom.min.js"></script>
<script src="https://cdn.jsdelivr.net/npm/lg-video.js@1/dist/lg-video.min.js"></script>
<script src="https://cdn.jsdelivr.net/npm/lg-fullscreen.js@1/dist/lg-fullscreen.min.js"></script>
<script src="https://cdn.jsdelivr.net/npm/lg-autoplay.js@1/dist/lg-autoplay.min.js"></script>
<script src='/js/gcu.js'></script>
<script type='text/javascript'>
document.addEventListener('DOMContentLoaded', gcu.postPageHandler);
</script>
</body></html>