<html lang='en'>
<head>
  <meta charset='utf-8'>
  <meta http-equiv='X-UA-Compatible' content='IE=edge'>
  <meta name='viewport' content='width=device-width, initial-scale=1'>
  <link href='https://cdn.jsdelivr.net/npm/bootstrap3@3/dist/css/bootstrap.min.css' rel='stylesheet'>
  <link href='/css/gcu.css' rel='stylesheet'>
  <link href='/i/favicon.ico' rel='icon' type='image/x-icon'/>
  <link href='/photos/full/gcu-00158.jpg' rel='image_src'/>
  <meta property='og:image' content='https://gcu.tactical-grace.net/photos/full/gcu-00158.jpg'/>
  <meta name='twitter:card' content='summary_large_image'/>
  <meta name='twitter:image' content='https://gcu.tactical-grace.net/photos/full/gcu-00158.jpg'/>
  <meta name='description' content='tactical grace presents: SD Kshatriya'/>
  <meta name='twitter:title' content='tactical grace presents: SD Kshatriya'/>
  <link href='https://gcu.tactical-grace.net/varia/sd-kshatriya/' rel='canonical'/>
  <link rel='alternate' type='application/rss+xml' title='tactical grace feed' href='/index.xml'>
  <title>Varia: SD Kshatriya | tactical grace</title>
  <meta content='Varia: SD Kshatriya | tactical grace' itemprop='name'/>
</head>
<body>
<div class='container'>
<div class='row'><!-- title and mininav -->
  <div class='col-sm-12 col-md-8 text-right'>
  <h1 class='title'><a href='/varia/sd-kshatriya/'>Varia: SD Kshatriya</a></h1>
</div> <!-- column -->
  <div class='col-sm-12 col-md-4 text-right voffset-top'>
    <a data-toggle='tooltip' title='main page' href='/'>
    <button class='btn btn-default btn-sm' type='button'><span class='glyphicon glyphicon-home'></span></button></a>
    <a data-toggle='tooltip' title='contact the author' href='https://goo.gl/forms/iJEsfLjBy1FE86aQ2'>
    <button class='btn btn-default btn-sm' type='button'><span class='glyphicon glyphicon-envelope'></span></button></a>
    <a data-toggle='tooltip' title='grade page' href='/varia/'>
    <button class='btn btn-default btn-sm' type='button'><span class='glyphicon glyphicon-th'></span></button></a>
    <a data-toggle='tooltip' title='previous kit' href='/varia/sd-knight-gundam/'>
    <button class='btn btn-default btn-sm' type='button'><span class='glyphicon glyphicon-chevron-left'></span></button></a>
    <a data-toggle='tooltip' title='next kit' href='/varia/shops-akihabara/'>
    <button class='btn btn-default btn-sm' type='button'><span class='glyphicon glyphicon-chevron-right'></span></button></a>
  </div>
</div> <!-- row -->
  <div class='row voffset-top'>
    <h2 id='2012-12-12'>2012-12-12</h2>
  </div>
<div class='row voffset-small'>
<div class='col-xs-6 col-md-3 col-lg-2'>
  <div class='gallery-entry voffset-bottom-small'>
    <a class='gallery' href='/photos/full/gcu-00102.jpg' data-sub-html='Cute little Kshatriya, assembled in a flash.'>
      <img class='img-rounded img-responsive' src='/photos/thumb/gcu-00102.jpg' alt='Cute little Kshatriya, assembled in a flash.' />
      <span class='glyphicon  gallery-icon'></span>
    </a>
  </div>
</div>
<div class='col-xs-6 col-md-3 col-lg-2'>
  <div class='gallery-entry voffset-bottom-small'>
    <a class='gallery' href='/photos/full/gcu-00099.jpg'>
      <img class='img-rounded img-responsive' src='/photos/thumb/gcu-00099.jpg' />
      <span class='glyphicon  gallery-icon'></span>
    </a>
  </div>
</div>
</div>
  <div class='row voffset-top'>
    <h2 id='2013-01-29'>2013-01-29</h2>
  </div>
<div class='row voffset-small'>
<div class='col-xs-6 col-md-3 col-lg-2'>
  <div class='gallery-entry voffset-bottom-small'>
    <a class='gallery' href='/photos/full/gcu-00100.jpg' data-sub-html='O hai.'>
      <img class='img-rounded img-responsive' src='/photos/thumb/gcu-00100.jpg' alt='O hai.' />
      <span class='glyphicon  gallery-icon'></span>
    </a>
  </div>
</div>
<div class='col-xs-6 col-md-3 col-lg-2'>
  <div class='gallery-entry voffset-bottom-small'>
    <a class='gallery' href='/photos/full/gcu-00120.jpg' data-sub-html='Unicorn decided to stay away from Kshatriya.'>
      <img class='img-rounded img-responsive' src='/photos/thumb/gcu-00120.jpg' alt='Unicorn decided to stay away from Kshatriya.' />
      <span class='glyphicon  gallery-icon'></span>
    </a>
  </div>
</div>
<div class='col-xs-6 col-md-3 col-lg-2'>
  <div class='gallery-entry voffset-bottom-small'>
    <a class='gallery' href='/photos/full/gcu-00126.jpg' data-sub-html='Weapon of choice.'>
      <img class='img-rounded img-responsive' src='/photos/thumb/gcu-00126.jpg' alt='Weapon of choice.' />
      <span class='glyphicon  gallery-icon'></span>
    </a>
  </div>
</div>
<div class='col-xs-6 col-md-3 col-lg-2'>
  <div class='gallery-entry voffset-bottom-small'>
    <a class='gallery' href='/photos/full/gcu-00125.jpg'>
      <img class='img-rounded img-responsive' src='/photos/thumb/gcu-00125.jpg' />
      <span class='glyphicon  gallery-icon'></span>
    </a>
  </div>
</div>
<div class='col-xs-6 col-md-3 col-lg-2'>
  <div class='gallery-entry voffset-bottom-small'>
    <a class='gallery' href='/photos/full/gcu-00122.jpg' data-sub-html='Got only 20 sticks -_-'>
      <img class='img-rounded img-responsive' src='/photos/thumb/gcu-00122.jpg' alt='Got only 20 sticks -_-' />
      <span class='glyphicon  gallery-icon'></span>
    </a>
  </div>
</div>
<div class='col-xs-6 col-md-3 col-lg-2'>
  <div class='gallery-entry voffset-bottom-small'>
    <a class='gallery' href='/photos/full/gcu-00124.jpg'>
      <img class='img-rounded img-responsive' src='/photos/thumb/gcu-00124.jpg' />
      <span class='glyphicon  gallery-icon'></span>
    </a>
  </div>
</div>
<div class='col-xs-6 col-md-3 col-lg-2'>
  <div class='gallery-entry voffset-bottom-small'>
    <a class='gallery' href='/photos/full/gcu-00123.jpg'>
      <img class='img-rounded img-responsive' src='/photos/thumb/gcu-00123.jpg' />
      <span class='glyphicon  gallery-icon'></span>
    </a>
  </div>
</div>
<div class='col-xs-6 col-md-3 col-lg-2'>
  <div class='gallery-entry voffset-bottom-small'>
    <a class='gallery' href='/photos/full/gcu-00121.jpg' data-sub-html='Reference photo before I scrap the decals off.'>
      <img class='img-rounded img-responsive' src='/photos/thumb/gcu-00121.jpg' alt='Reference photo before I scrap the decals off.' />
      <span class='glyphicon  gallery-icon'></span>
    </a>
  </div>
</div>
</div>
  <div class='row voffset-top'>
    <h2 id='2013-02-10'>2013-02-10</h2>
  </div>
<div class='row voffset-small'>
<div class='col-xs-6 col-md-3 col-lg-2'>
  <div class='gallery-entry voffset-bottom-small'>
    <a class='gallery' href='/photos/full/gcu-00127.jpg' data-sub-html='Nice and smooth but overflowing.'>
      <img class='img-rounded img-responsive' src='/photos/thumb/gcu-00127.jpg' alt='Nice and smooth but overflowing.' />
      <span class='glyphicon  gallery-icon'></span>
    </a>
  </div>
</div>
<div class='col-xs-6 col-md-3 col-lg-2'>
  <div class='gallery-entry voffset-bottom-small'>
    <a class='gallery' href='/photos/full/gcu-00128.jpg' data-sub-html='First arm, cured, sanded.'>
      <img class='img-rounded img-responsive' src='/photos/thumb/gcu-00128.jpg' alt='First arm, cured, sanded.' />
      <span class='glyphicon  gallery-icon'></span>
    </a>
  </div>
</div>
<div class='col-xs-6 col-md-3 col-lg-2'>
  <div class='gallery-entry voffset-bottom-small'>
    <a class='gallery' href='/photos/full/gcu-00133.jpg' data-sub-html='You can&#39;t see the seam... but not due to my skills :P'>
      <img class='img-rounded img-responsive' src='/photos/thumb/gcu-00133.jpg' alt='You can&#39;t see the seam... but not due to my skills :P' />
      <span class='glyphicon  gallery-icon'></span>
    </a>
  </div>
</div>
<div class='col-xs-6 col-md-3 col-lg-2'>
  <div class='gallery-entry voffset-bottom-small'>
    <a class='gallery' href='/photos/full/gcu-00137.jpg'>
      <img class='img-rounded img-responsive' src='/photos/thumb/gcu-00137.jpg' />
      <span class='glyphicon  gallery-icon'></span>
    </a>
  </div>
</div>
<div class='col-xs-6 col-md-3 col-lg-2'>
  <div class='gallery-entry voffset-bottom-small'>
    <a class='gallery' href='/photos/full/gcu-00134.jpg'>
      <img class='img-rounded img-responsive' src='/photos/thumb/gcu-00134.jpg' />
      <span class='glyphicon  gallery-icon'></span>
    </a>
  </div>
</div>
<div class='col-xs-6 col-md-3 col-lg-2'>
  <div class='gallery-entry voffset-bottom-small'>
    <a class='gallery' href='/photos/full/gcu-00136.jpg' data-sub-html='Bit too much primer there.'>
      <img class='img-rounded img-responsive' src='/photos/thumb/gcu-00136.jpg' alt='Bit too much primer there.' />
      <span class='glyphicon  gallery-icon'></span>
    </a>
  </div>
</div>
<div class='col-xs-6 col-md-3 col-lg-2'>
  <div class='gallery-entry voffset-bottom-small'>
    <a class='gallery' href='/photos/full/gcu-00135.jpg' data-sub-html=' ...yeah. I don&#39;t think I want to redo it yet again.'>
      <img class='img-rounded img-responsive' src='/photos/thumb/gcu-00135.jpg' alt=' ...yeah. I don&#39;t think I want to redo it yet again.' />
      <span class='glyphicon  gallery-icon'></span>
    </a>
  </div>
</div>
</div>
  <div class='row voffset-top'>
    <h2 id='2013-03-19'>2013-03-19</h2>
  </div>
<div class='row voffset-small'>
<div class='col-xs-6 col-md-3 col-lg-2'>
  <div class='gallery-entry voffset-bottom-small'>
    <a class='gallery' href='/photos/full/gcu-00139.jpg' data-sub-html='I made my own painting sticks.'>
      <img class='img-rounded img-responsive' src='/photos/thumb/gcu-00139.jpg' alt='I made my own painting sticks.' />
      <span class='glyphicon  gallery-icon'></span>
    </a>
  </div>
</div>
<div class='col-xs-6 col-md-3 col-lg-2'>
  <div class='gallery-entry voffset-bottom-small'>
    <a class='gallery' href='/photos/full/gcu-00138.jpg' data-sub-html='I can has a stick?'>
      <img class='img-rounded img-responsive' src='/photos/thumb/gcu-00138.jpg' alt='I can has a stick?' />
      <span class='glyphicon  gallery-icon'></span>
    </a>
  </div>
</div>
<div class='col-xs-6 col-md-3 col-lg-2'>
  <div class='gallery-entry voffset-bottom-small'>
    <a class='gallery' href='/photos/full/gcu-00140.jpg'>
      <img class='img-rounded img-responsive' src='/photos/thumb/gcu-00140.jpg' />
      <span class='glyphicon  gallery-icon'></span>
    </a>
  </div>
</div>
<div class='col-xs-6 col-md-3 col-lg-2'>
  <div class='gallery-entry voffset-bottom-small'>
    <a class='gallery' href='/photos/full/gcu-00141.jpg' data-sub-html='So. Much. Masking.'>
      <img class='img-rounded img-responsive' src='/photos/thumb/gcu-00141.jpg' alt='So. Much. Masking.' />
      <span class='glyphicon  gallery-icon'></span>
    </a>
  </div>
</div>
<div class='col-xs-6 col-md-3 col-lg-2'>
  <div class='gallery-entry voffset-bottom-small'>
    <a class='gallery' href='/photos/full/gcu-00142.jpg' data-sub-html='Four white cods.'>
      <img class='img-rounded img-responsive' src='/photos/thumb/gcu-00142.jpg' alt='Four white cods.' />
      <span class='glyphicon  gallery-icon'></span>
    </a>
  </div>
</div>
<div class='col-xs-6 col-md-3 col-lg-2'>
  <div class='gallery-entry voffset-bottom-small'>
    <a class='gallery' href='/photos/full/gcu-00144.jpg' data-sub-html='Four green cods.'>
      <img class='img-rounded img-responsive' src='/photos/thumb/gcu-00144.jpg' alt='Four green cods.' />
      <span class='glyphicon  gallery-icon'></span>
    </a>
  </div>
</div>
<div class='col-xs-6 col-md-3 col-lg-2'>
  <div class='gallery-entry voffset-bottom-small'>
    <a class='gallery' href='/photos/full/gcu-00143.jpg'>
      <img class='img-rounded img-responsive' src='/photos/thumb/gcu-00143.jpg' />
      <span class='glyphicon  gallery-icon'></span>
    </a>
  </div>
</div>
<div class='col-xs-6 col-md-3 col-lg-2'>
  <div class='gallery-entry voffset-bottom-small'>
    <a class='gallery' href='/photos/full/gcu-00146.jpg' data-sub-html='Things turned out darker than expected, but still nice.'>
      <img class='img-rounded img-responsive' src='/photos/thumb/gcu-00146.jpg' alt='Things turned out darker than expected, but still nice.' />
      <span class='glyphicon  gallery-icon'></span>
    </a>
  </div>
</div>
<div class='col-xs-6 col-md-3 col-lg-2'>
  <div class='gallery-entry voffset-bottom-small'>
    <a class='gallery' href='/photos/full/gcu-00147.jpg'>
      <img class='img-rounded img-responsive' src='/photos/thumb/gcu-00147.jpg' />
      <span class='glyphicon  gallery-icon'></span>
    </a>
  </div>
</div>
<div class='col-xs-6 col-md-3 col-lg-2'>
  <div class='gallery-entry voffset-bottom-small'>
    <a class='gallery' href='/photos/full/gcu-00148.jpg' data-sub-html='Sleeve details were PITA to get right.'>
      <img class='img-rounded img-responsive' src='/photos/thumb/gcu-00148.jpg' alt='Sleeve details were PITA to get right.' />
      <span class='glyphicon  gallery-icon'></span>
    </a>
  </div>
</div>
<div class='col-xs-6 col-md-3 col-lg-2'>
  <div class='gallery-entry voffset-bottom-small'>
    <a class='gallery' href='/photos/full/gcu-00149.jpg'>
      <img class='img-rounded img-responsive' src='/photos/thumb/gcu-00149.jpg' />
      <span class='glyphicon  gallery-icon'></span>
    </a>
  </div>
</div>
<div class='col-xs-6 col-md-3 col-lg-2'>
  <div class='gallery-entry voffset-bottom-small'>
    <a class='gallery' href='/photos/full/gcu-00150.jpg'>
      <img class='img-rounded img-responsive' src='/photos/thumb/gcu-00150.jpg' />
      <span class='glyphicon  gallery-icon'></span>
    </a>
  </div>
</div>
<div class='col-xs-6 col-md-3 col-lg-2'>
  <div class='gallery-entry voffset-bottom-small'>
    <a class='gallery' href='/photos/full/gcu-00151.jpg'>
      <img class='img-rounded img-responsive' src='/photos/thumb/gcu-00151.jpg' />
      <span class='glyphicon  gallery-icon'></span>
    </a>
  </div>
</div>
<div class='col-xs-6 col-md-3 col-lg-2'>
  <div class='gallery-entry voffset-bottom-small'>
    <a class='gallery' href='/photos/full/gcu-00152.jpg' data-sub-html='Painted and varnished.'>
      <img class='img-rounded img-responsive' src='/photos/thumb/gcu-00152.jpg' alt='Painted and varnished.' />
      <span class='glyphicon  gallery-icon'></span>
    </a>
  </div>
</div>
<div class='col-xs-6 col-md-3 col-lg-2'>
  <div class='gallery-entry voffset-bottom-small'>
    <a class='gallery' href='/photos/full/gcu-00145.jpg' data-sub-html='And some more masking, this time on HG Exia.'>
      <img class='img-rounded img-responsive' src='/photos/thumb/gcu-00145.jpg' alt='And some more masking, this time on HG Exia.' />
      <span class='glyphicon  gallery-icon'></span>
    </a>
  </div>
</div>
</div>
  <div class='row voffset-top'>
    <h2 id='2013-04-22'>2013-04-22</h2>
  </div>
<div class='row voffset-small'>
<div class='col-xs-6 col-md-3 col-lg-2'>
  <div class='gallery-entry voffset-bottom-small'>
    <a class='gallery' href='/photos/full/gcu-00155.jpg' data-sub-html='The seam. THE SEAM.'>
      <img class='img-rounded img-responsive' src='/photos/thumb/gcu-00155.jpg' alt='The seam. THE SEAM.' />
      <span class='glyphicon  gallery-icon'></span>
    </a>
  </div>
</div>
<div class='col-xs-6 col-md-3 col-lg-2'>
  <div class='gallery-entry voffset-bottom-small'>
    <a class='gallery' href='/photos/full/gcu-00158.jpg' data-sub-html='&amp;quot;Funnels!&amp;quot;'>
      <img class='img-rounded img-responsive' src='/photos/thumb/gcu-00158.jpg' alt='&amp;quot;Funnels!&amp;quot;' />
      <span class='glyphicon  gallery-icon'></span>
    </a>
  </div>
</div>
<div class='col-xs-6 col-md-3 col-lg-2'>
  <div class='gallery-entry voffset-bottom-small'>
    <a class='gallery' href='/photos/full/gcu-00157.jpg' data-sub-html='Short of ugly sleeves and breastplate, it looks pretty nice.'>
      <img class='img-rounded img-responsive' src='/photos/thumb/gcu-00157.jpg' alt='Short of ugly sleeves and breastplate, it looks pretty nice.' />
      <span class='glyphicon  gallery-icon'></span>
    </a>
  </div>
</div>
<div class='col-xs-6 col-md-3 col-lg-2'>
  <div class='gallery-entry voffset-bottom-small'>
    <a class='gallery' href='/photos/full/gcu-00156.jpg'>
      <img class='img-rounded img-responsive' src='/photos/thumb/gcu-00156.jpg' />
      <span class='glyphicon  gallery-icon'></span>
    </a>
  </div>
</div>
</div>
  <div class='row voffset-top'>
    <h2 id='2013-05-12'>2013-05-12</h2>
  </div>
<div class='row voffset-small'>
<div class='col-xs-6 col-md-3 col-lg-2'>
  <div class='gallery-entry voffset-bottom-small'>
    <a class='gallery' href='/photos/full/gcu-00217.jpg' data-sub-html='This suit comes equipped with four green giant trouts...'>
      <img class='img-rounded img-responsive' src='/photos/thumb/gcu-00217.jpg' alt='This suit comes equipped with four green giant trouts...' />
      <span class='glyphicon  gallery-icon'></span>
    </a>
  </div>
</div>
<div class='col-xs-6 col-md-3 col-lg-2'>
  <div class='gallery-entry voffset-bottom-small'>
    <a class='gallery' href='/photos/full/gcu-00216.jpg' data-sub-html='Now it&#39;s angry.'>
      <img class='img-rounded img-responsive' src='/photos/thumb/gcu-00216.jpg' alt='Now it&#39;s angry.' />
      <span class='glyphicon  gallery-icon'></span>
    </a>
  </div>
</div>
<div class='col-xs-6 col-md-3 col-lg-2'>
  <div class='gallery-entry voffset-bottom-small'>
    <a class='gallery' href='/photos/full/gcu-00222.jpg' data-sub-html='And now it&#39;s insulted.'>
      <img class='img-rounded img-responsive' src='/photos/thumb/gcu-00222.jpg' alt='And now it&#39;s insulted.' />
      <span class='glyphicon  gallery-icon'></span>
    </a>
  </div>
</div>
<div class='col-xs-6 col-md-3 col-lg-2'>
  <div class='gallery-entry voffset-bottom-small'>
    <a class='gallery' href='/photos/full/gcu-00231.jpg' data-sub-html='*shrug*'>
      <img class='img-rounded img-responsive' src='/photos/thumb/gcu-00231.jpg' alt='*shrug*' />
      <span class='glyphicon  gallery-icon'></span>
    </a>
  </div>
</div>
<div class='col-xs-6 col-md-3 col-lg-2'>
  <div class='gallery-entry voffset-bottom-small'>
    <a class='gallery' href='/photos/full/gcu-00220.jpg'>
      <img class='img-rounded img-responsive' src='/photos/thumb/gcu-00220.jpg' />
      <span class='glyphicon  gallery-icon'></span>
    </a>
  </div>
</div>
<div class='col-xs-6 col-md-3 col-lg-2'>
  <div class='gallery-entry voffset-bottom-small'>
    <a class='gallery' href='/photos/full/gcu-00218.jpg'>
      <img class='img-rounded img-responsive' src='/photos/thumb/gcu-00218.jpg' />
      <span class='glyphicon  gallery-icon'></span>
    </a>
  </div>
</div>
<div class='col-xs-6 col-md-3 col-lg-2'>
  <div class='gallery-entry voffset-bottom-small'>
    <a class='gallery' href='/photos/full/gcu-00219.jpg' data-sub-html='Oh yeah?'>
      <img class='img-rounded img-responsive' src='/photos/thumb/gcu-00219.jpg' alt='Oh yeah?' />
      <span class='glyphicon  gallery-icon'></span>
    </a>
  </div>
</div>
<div class='col-xs-6 col-md-3 col-lg-2'>
  <div class='gallery-entry voffset-bottom-small'>
    <a class='gallery' href='/photos/full/gcu-00223.jpg'>
      <img class='img-rounded img-responsive' src='/photos/thumb/gcu-00223.jpg' />
      <span class='glyphicon  gallery-icon'></span>
    </a>
  </div>
</div>
<div class='col-xs-6 col-md-3 col-lg-2'>
  <div class='gallery-entry voffset-bottom-small'>
    <a class='gallery' href='/photos/full/gcu-00229.jpg' data-sub-html='Mean green... hugging machine.'>
      <img class='img-rounded img-responsive' src='/photos/thumb/gcu-00229.jpg' alt='Mean green... hugging machine.' />
      <span class='glyphicon  gallery-icon'></span>
    </a>
  </div>
</div>
<div class='col-xs-6 col-md-3 col-lg-2'>
  <div class='gallery-entry voffset-bottom-small'>
    <a class='gallery' href='/photos/full/gcu-00230.jpg'>
      <img class='img-rounded img-responsive' src='/photos/thumb/gcu-00230.jpg' />
      <span class='glyphicon  gallery-icon'></span>
    </a>
  </div>
</div>
<div class='col-xs-6 col-md-3 col-lg-2'>
  <div class='gallery-entry voffset-bottom-small'>
    <a class='gallery' href='/photos/full/gcu-00226.jpg' data-sub-html='*yawn*'>
      <img class='img-rounded img-responsive' src='/photos/thumb/gcu-00226.jpg' alt='*yawn*' />
      <span class='glyphicon  gallery-icon'></span>
    </a>
  </div>
</div>
<div class='col-xs-6 col-md-3 col-lg-2'>
  <div class='gallery-entry voffset-bottom-small'>
    <a class='gallery' href='/photos/full/gcu-00227.jpg' data-sub-html='Funnels!'>
      <img class='img-rounded img-responsive' src='/photos/thumb/gcu-00227.jpg' alt='Funnels!' />
      <span class='glyphicon  gallery-icon'></span>
    </a>
  </div>
</div>
<div class='col-xs-6 col-md-3 col-lg-2'>
  <div class='gallery-entry voffset-bottom-small'>
    <a class='gallery' href='/photos/full/gcu-00228.jpg' data-sub-html='*stomp*'>
      <img class='img-rounded img-responsive' src='/photos/thumb/gcu-00228.jpg' alt='*stomp*' />
      <span class='glyphicon  gallery-icon'></span>
    </a>
  </div>
</div>
<div class='col-xs-6 col-md-3 col-lg-2'>
  <div class='gallery-entry voffset-bottom-small'>
    <a class='gallery' href='/photos/full/gcu-00232.jpg' data-sub-html='Kshatriya kick! (successful delivery not guaranteed)'>
      <img class='img-rounded img-responsive' src='/photos/thumb/gcu-00232.jpg' alt='Kshatriya kick! (successful delivery not guaranteed)' />
      <span class='glyphicon  gallery-icon'></span>
    </a>
  </div>
</div>
</div>
<div class='row'>
  <div class='col-sm-12 col-md-7 col-md-offset-1 voffset-top-small'>
    <div class='btn-group btn-group-justified btn-group-lg' role='group'>
      <a class='btn btn-default' href='/hg/' role='button'>
        <span class='glyphicon glyphicon-pawn hidden-xs'></span>
        HG</a>
      <a class='btn btn-default' href='/rg/' role='button'>
        <span class='glyphicon glyphicon-knight hidden-xs'></span>
        RG</a>
      <a class='btn btn-default' href='/mg/' role='button'>
        <span class='glyphicon glyphicon-bishop hidden-xs'></span>
        MG</a>
      <a class='btn btn-default' href='/pg/' role='button'>
        <span class='glyphicon glyphicon-king hidden-xs'></span>
        PG</a>
      <a class='btn btn-default' href='/varia/' role='button'>
        <span class='glyphicon glyphicon-tower hidden-xs'></span>
        Varia</a>
    </div> <!-- btn-group -->
  </div> <!-- column -->
  <div class='col-sm-12 col-md-4 voffset-top-small'>
    <div class='btn-group btn-group-justified btn-group-lg' role='group'>
      <a class='btn btn-danger btn-lg' href='/everything/' role='button'>
        <span class='glyphicon glyphicon-fire'></span>
        Show me everything!</a>
    </div>
  </div> <!-- column -->
</div> <!-- row -->
</div> <!-- container -->
<link href='https://fonts.googleapis.com/css?family=Exo' rel='stylesheet' type='text/css'>
<script> <!-- analytics -->
  (function(i,s,o,g,r,a,m){i['GoogleAnalyticsObject']=r;i[r]=i[r]||function(){
  (i[r].q=i[r].q||[]).push(arguments)},i[r].l=1*new Date();a=s.createElement(o),
  m=s.getElementsByTagName(o)[0];a.async=1;a.src=g;m.parentNode.insertBefore(a,m)
  })(window,document,'script','//www.google-analytics.com/analytics.js','ga');

  ga('create', 'UA-35396418-1', 'auto');
  ga('send', 'pageview');
</script>
<link rel="stylesheet" href="https://cdn.jsdelivr.net/npm/lightgallery.js@1/dist/css/lightgallery.min.css" />
<script src="https://cdn.jsdelivr.net/npm/lightgallery.js@1/dist/js/lightgallery.min.js"></script>
<script src="https://cdn.jsdelivr.net/npm/lg-thumbnail.js@1/dist/lg-thumbnail.min.js"></script>
<script src="https://cdn.jsdelivr.net/npm/lg-zoom.js@1/dist/lg-zoom.min.js"></script>
<script src="https://cdn.jsdelivr.net/npm/lg-video.js@1/dist/lg-video.min.js"></script>
<script src="https://cdn.jsdelivr.net/npm/lg-fullscreen.js@1/dist/lg-fullscreen.min.js"></script>
<script src="https://cdn.jsdelivr.net/npm/lg-autoplay.js@1/dist/lg-autoplay.min.js"></script>
<script src='/js/gcu.js'></script>
<script type='text/javascript'>
document.addEventListener('DOMContentLoaded', gcu.postPageHandler);
</script>
</body></html>