<html lang='en'>
<head>
  <meta charset='utf-8'>
  <meta http-equiv='X-UA-Compatible' content='IE=edge'>
  <meta name='viewport' content='width=device-width, initial-scale=1'>
  <link href='https://cdn.jsdelivr.net/npm/bootstrap3@3/dist/css/bootstrap.min.css' rel='stylesheet'>
  <link href='/css/gcu.css' rel='stylesheet'>
  <link href='/i/favicon.ico' rel='icon' type='image/x-icon'/>
  <link href='/photos/full/gcu-00715.jpg' rel='image_src'/>
  <meta property='og:image' content='https://gcu.tactical-grace.net/photos/full/gcu-00715.jpg'/>
  <meta name='twitter:card' content='summary_large_image'/>
  <meta name='twitter:image' content='https://gcu.tactical-grace.net/photos/full/gcu-00715.jpg'/>
  <meta name='description' content='tactical grace presents: Turn A Gundam'/>
  <meta name='twitter:title' content='tactical grace presents: Turn A Gundam'/>
  <link href='https://gcu.tactical-grace.net/hg/turn-a/' rel='canonical'/>
  <link rel='alternate' type='application/rss+xml' title='tactical grace feed' href='/index.xml'>
  <title>HG: Turn A Gundam | tactical grace</title>
  <meta content='HG: Turn A Gundam | tactical grace' itemprop='name'/>
</head>
<body>
<div class='container'>
<div class='row'><!-- title and mininav -->
  <div class='col-sm-12 col-md-8 text-right'>
  <h1 class='title'><a href='/hg/turn-a/'>HG: Turn A Gundam</a></h1>
</div> <!-- column -->
  <div class='col-sm-12 col-md-4 text-right voffset-top'>
    <a data-toggle='tooltip' title='main page' href='/'>
    <button class='btn btn-default btn-sm' type='button'><span class='glyphicon glyphicon-home'></span></button></a>
    <a data-toggle='tooltip' title='contact the author' href='https://goo.gl/forms/iJEsfLjBy1FE86aQ2'>
    <button class='btn btn-default btn-sm' type='button'><span class='glyphicon glyphicon-envelope'></span></button></a>
    <a data-toggle='tooltip' title='grade page' href='/hg/'>
    <button class='btn btn-default btn-sm' type='button'><span class='glyphicon glyphicon-th'></span></button></a>
    <a data-toggle='tooltip' title='previous kit' href='/hg/throne-zwei/'>
    <button class='btn btn-default btn-sm' type='button'><span class='glyphicon glyphicon-chevron-left'></span></button></a>
    <a data-toggle='tooltip' title='next kit' href='/hg/zaku-i-sniper/'>
    <button class='btn btn-default btn-sm' type='button'><span class='glyphicon glyphicon-chevron-right'></span></button></a>
  </div>
</div> <!-- row -->
  <div class='row voffset-top'>
    <h2 id='2015-03-29'>2015-03-29</h2>
  </div>
<div class='row voffset-small'>
<div class='col-xs-6 col-md-3 col-lg-2'>
  <div class='gallery-entry voffset-bottom-small'>
    <a class='gallery' href='/photos/full/gcu-00640.jpg' data-sub-html='Looks simple.'>
      <img class='img-rounded img-responsive' src='/photos/thumb/gcu-00640.jpg' alt='Looks simple.' />
      <span class='glyphicon  gallery-icon'></span>
    </a>
  </div>
</div>
<div class='col-xs-6 col-md-3 col-lg-2'>
  <div class='gallery-entry voffset-bottom-small'>
    <a class='gallery' href='/photos/full/gcu-00641.jpg' data-sub-html='I&#39;ll paint the head symbol by hand later.'>
      <img class='img-rounded img-responsive' src='/photos/thumb/gcu-00641.jpg' alt='I&#39;ll paint the head symbol by hand later.' />
      <span class='glyphicon  gallery-icon'></span>
    </a>
  </div>
</div>
<div class='col-xs-6 col-md-3 col-lg-2'>
  <div class='gallery-entry voffset-bottom-small'>
    <a class='gallery' href='/photos/full/gcu-00642.jpg' data-sub-html='Mustache got trimmed.'>
      <img class='img-rounded img-responsive' src='/photos/thumb/gcu-00642.jpg' alt='Mustache got trimmed.' />
      <span class='glyphicon  gallery-icon'></span>
    </a>
  </div>
</div>
<div class='col-xs-6 col-md-3 col-lg-2'>
  <div class='gallery-entry voffset-bottom-small'>
    <a class='gallery' href='/photos/full/gcu-00643.jpg' data-sub-html='Hand panel lines?!'>
      <img class='img-rounded img-responsive' src='/photos/thumb/gcu-00643.jpg' alt='Hand panel lines?!' />
      <span class='glyphicon  gallery-icon'></span>
    </a>
  </div>
</div>
<div class='col-xs-6 col-md-3 col-lg-2'>
  <div class='gallery-entry voffset-bottom-small'>
    <a class='gallery' href='/photos/full/gcu-00644.jpg' data-sub-html='&#34;For you I&#39;ll play on my COSMIC GUITAR!&#34;'>
      <img class='img-rounded img-responsive' src='/photos/thumb/gcu-00644.jpg' alt='&#34;For you I&#39;ll play on my COSMIC GUITAR!&#34;' />
      <span class='glyphicon  gallery-icon'></span>
    </a>
  </div>
</div>
<div class='col-xs-6 col-md-3 col-lg-2'>
  <div class='gallery-entry voffset-bottom-small'>
    <a class='gallery' href='/photos/full/gcu-00645.jpg' data-sub-html='boing, boing, boing...'>
      <img class='img-rounded img-responsive' src='/photos/thumb/gcu-00645.jpg' alt='boing, boing, boing...' />
      <span class='glyphicon  gallery-icon'></span>
    </a>
  </div>
</div>
<div class='col-xs-6 col-md-3 col-lg-2'>
  <div class='gallery-entry voffset-bottom-small'>
    <a class='gallery' href='/photos/full/gcu-00646.jpg' data-sub-html='Armed and ready.'>
      <img class='img-rounded img-responsive' src='/photos/thumb/gcu-00646.jpg' alt='Armed and ready.' />
      <span class='glyphicon  gallery-icon'></span>
    </a>
  </div>
</div>
<div class='col-xs-6 col-md-3 col-lg-2'>
  <div class='gallery-entry voffset-bottom-small'>
    <a class='gallery' href='/photos/full/gcu-00647.jpg' data-sub-html='A butterfly.'>
      <img class='img-rounded img-responsive' src='/photos/thumb/gcu-00647.jpg' alt='A butterfly.' />
      <span class='glyphicon  gallery-icon'></span>
    </a>
  </div>
</div>
</div>
  <div class='row voffset-top'>
    <h2 id='2015-05-14'>2015-05-14</h2>
  </div>
<div class='row voffset-small'>
<div class='col-xs-6 col-md-3 col-lg-2'>
  <div class='gallery-entry voffset-bottom-small'>
    <a class='gallery' href='/photos/full/gcu-00667.jpg' data-sub-html='Chocolate tin converted into cotton swabs tin.'>
      <img class='img-rounded img-responsive' src='/photos/thumb/gcu-00667.jpg' alt='Chocolate tin converted into cotton swabs tin.' />
      <span class='glyphicon  gallery-icon'></span>
    </a>
  </div>
</div>
<div class='col-xs-6 col-md-3 col-lg-2'>
  <div class='gallery-entry voffset-bottom-small'>
    <a class='gallery' href='/photos/full/gcu-00666.jpg'>
      <img class='img-rounded img-responsive' src='/photos/thumb/gcu-00666.jpg' />
      <span class='glyphicon  gallery-icon'></span>
    </a>
  </div>
</div>
<div class='col-xs-6 col-md-3 col-lg-2'>
  <div class='gallery-entry voffset-bottom-small'>
    <a class='gallery' href='/photos/full/gcu-00668.jpg' data-sub-html='The last thing you&#39;ll ever see.'>
      <img class='img-rounded img-responsive' src='/photos/thumb/gcu-00668.jpg' alt='The last thing you&#39;ll ever see.' />
      <span class='glyphicon  gallery-icon'></span>
    </a>
  </div>
</div>
</div>
  <div class='row voffset-top'>
    <h2 id='2016-02-07'>2016-02-07</h2>
  </div>
<div class='row voffset-small'>
<div class='col-xs-6 col-md-3 col-lg-2'>
  <div class='gallery-entry voffset-bottom-small'>
    <a class='gallery' href='/photos/full/gcu-00710.jpg' data-sub-html='&#39;stache represent.'>
      <img class='img-rounded img-responsive' src='/photos/thumb/gcu-00710.jpg' alt='&#39;stache represent.' />
      <span class='glyphicon  gallery-icon'></span>
    </a>
  </div>
</div>
<div class='col-xs-6 col-md-3 col-lg-2'>
  <div class='gallery-entry voffset-bottom-small'>
    <a class='gallery' href='/photos/full/gcu-00709.jpg' data-sub-html='Moonrace Information Minister advises everyone to stay calm.'>
      <img class='img-rounded img-responsive' src='/photos/thumb/gcu-00709.jpg' alt='Moonrace Information Minister advises everyone to stay calm.' />
      <span class='glyphicon  gallery-icon'></span>
    </a>
  </div>
</div>
<div class='col-xs-6 col-md-3 col-lg-2'>
  <div class='gallery-entry voffset-bottom-small'>
    <a class='gallery' href='/photos/full/gcu-00711.jpg' data-sub-html='You can probably see mediocre hip joint there.'>
      <img class='img-rounded img-responsive' src='/photos/thumb/gcu-00711.jpg' alt='You can probably see mediocre hip joint there.' />
      <span class='glyphicon  gallery-icon'></span>
    </a>
  </div>
</div>
<div class='col-xs-6 col-md-3 col-lg-2'>
  <div class='gallery-entry voffset-bottom-small'>
    <a class='gallery' href='/photos/full/gcu-00712.jpg'>
      <img class='img-rounded img-responsive' src='/photos/thumb/gcu-00712.jpg' />
      <span class='glyphicon  gallery-icon'></span>
    </a>
  </div>
</div>
<div class='col-xs-6 col-md-3 col-lg-2'>
  <div class='gallery-entry voffset-bottom-small'>
    <a class='gallery' href='/photos/full/gcu-00713.jpg' data-sub-html='Rock on!'>
      <img class='img-rounded img-responsive' src='/photos/thumb/gcu-00713.jpg' alt='Rock on!' />
      <span class='glyphicon  gallery-icon'></span>
    </a>
  </div>
</div>
<div class='col-xs-6 col-md-3 col-lg-2'>
  <div class='gallery-entry voffset-bottom-small'>
    <a class='gallery' href='/photos/full/gcu-00714.jpg'>
      <img class='img-rounded img-responsive' src='/photos/thumb/gcu-00714.jpg' />
      <span class='glyphicon  gallery-icon'></span>
    </a>
  </div>
</div>
<div class='col-xs-6 col-md-3 col-lg-2'>
  <div class='gallery-entry voffset-bottom-small'>
    <a class='gallery' href='/photos/full/gcu-00715.jpg'>
      <img class='img-rounded img-responsive' src='/photos/thumb/gcu-00715.jpg' />
      <span class='glyphicon  gallery-icon'></span>
    </a>
  </div>
</div>
<div class='col-xs-6 col-md-3 col-lg-2'>
  <div class='gallery-entry voffset-bottom-small'>
    <a class='gallery' href='/photos/full/gcu-00716.jpg'>
      <img class='img-rounded img-responsive' src='/photos/thumb/gcu-00716.jpg' />
      <span class='glyphicon  gallery-icon'></span>
    </a>
  </div>
</div>
<div class='col-xs-6 col-md-3 col-lg-2'>
  <div class='gallery-entry voffset-bottom-small'>
    <a class='gallery' href='/photos/full/gcu-00708.jpg' data-sub-html='Turn A tuuuuurn~♪'>
      <img class='img-rounded img-responsive' src='/photos/thumb/gcu-00708.jpg' alt='Turn A tuuuuurn~♪' />
      <span class='glyphicon  gallery-icon'></span>
    </a>
  </div>
</div>
<div class='col-xs-6 col-md-3 col-lg-2'>
  <div class='gallery-entry voffset-bottom-small'>
    <a class='gallery' href='/photos/full/gcu-00721.jpg'>
      <img class='img-rounded img-responsive' src='/photos/thumb/gcu-00721.jpg' />
      <span class='glyphicon  gallery-icon'></span>
    </a>
  </div>
</div>
<div class='col-xs-6 col-md-3 col-lg-2'>
  <div class='gallery-entry voffset-bottom-small'>
    <a class='gallery' href='/photos/full/gcu-00722.jpg'>
      <img class='img-rounded img-responsive' src='/photos/thumb/gcu-00722.jpg' />
      <span class='glyphicon  gallery-icon'></span>
    </a>
  </div>
</div>
<div class='col-xs-6 col-md-3 col-lg-2'>
  <div class='gallery-entry voffset-bottom-small'>
    <a class='gallery' href='/photos/full/gcu-00723.jpg'>
      <img class='img-rounded img-responsive' src='/photos/thumb/gcu-00723.jpg' />
      <span class='glyphicon  gallery-icon'></span>
    </a>
  </div>
</div>
<div class='col-xs-6 col-md-3 col-lg-2'>
  <div class='gallery-entry voffset-bottom-small'>
    <a class='gallery' href='/photos/full/gcu-00718.jpg' data-sub-html='Knock-off Stargazer.'>
      <img class='img-rounded img-responsive' src='/photos/thumb/gcu-00718.jpg' alt='Knock-off Stargazer.' />
      <span class='glyphicon  gallery-icon'></span>
    </a>
  </div>
</div>
<div class='col-xs-6 col-md-3 col-lg-2'>
  <div class='gallery-entry voffset-bottom-small'>
    <a class='gallery' href='/photos/full/gcu-00720.jpg'>
      <img class='img-rounded img-responsive' src='/photos/thumb/gcu-00720.jpg' />
      <span class='glyphicon  gallery-icon'></span>
    </a>
  </div>
</div>
<div class='col-xs-6 col-md-3 col-lg-2'>
  <div class='gallery-entry voffset-bottom-small'>
    <a class='gallery' href='/photos/full/gcu-00717.jpg'>
      <img class='img-rounded img-responsive' src='/photos/thumb/gcu-00717.jpg' />
      <span class='glyphicon  gallery-icon'></span>
    </a>
  </div>
</div>
<div class='col-xs-6 col-md-3 col-lg-2'>
  <div class='gallery-entry voffset-bottom-small'>
    <a class='gallery' href='/photos/full/gcu-00719.jpg' data-sub-html='Rainbow doom activated.'>
      <img class='img-rounded img-responsive' src='/photos/thumb/gcu-00719.jpg' alt='Rainbow doom activated.' />
      <span class='glyphicon  gallery-icon'></span>
    </a>
  </div>
</div>
</div>
<div class='row'>
  <div class='col-sm-12 col-md-7 col-md-offset-1 voffset-top-small'>
    <div class='btn-group btn-group-justified btn-group-lg' role='group'>
      <a class='btn btn-default' href='/hg/' role='button'>
        <span class='glyphicon glyphicon-pawn hidden-xs'></span>
        HG</a>
      <a class='btn btn-default' href='/rg/' role='button'>
        <span class='glyphicon glyphicon-knight hidden-xs'></span>
        RG</a>
      <a class='btn btn-default' href='/mg/' role='button'>
        <span class='glyphicon glyphicon-bishop hidden-xs'></span>
        MG</a>
      <a class='btn btn-default' href='/pg/' role='button'>
        <span class='glyphicon glyphicon-king hidden-xs'></span>
        PG</a>
      <a class='btn btn-default' href='/varia/' role='button'>
        <span class='glyphicon glyphicon-tower hidden-xs'></span>
        Varia</a>
    </div> <!-- btn-group -->
  </div> <!-- column -->
  <div class='col-sm-12 col-md-4 voffset-top-small'>
    <div class='btn-group btn-group-justified btn-group-lg' role='group'>
      <a class='btn btn-danger btn-lg' href='/everything/' role='button'>
        <span class='glyphicon glyphicon-fire'></span>
        Show me everything!</a>
    </div>
  </div> <!-- column -->
</div> <!-- row -->
</div> <!-- container -->
<link href='https://fonts.googleapis.com/css?family=Exo' rel='stylesheet' type='text/css'>
<script> <!-- analytics -->
  (function(i,s,o,g,r,a,m){i['GoogleAnalyticsObject']=r;i[r]=i[r]||function(){
  (i[r].q=i[r].q||[]).push(arguments)},i[r].l=1*new Date();a=s.createElement(o),
  m=s.getElementsByTagName(o)[0];a.async=1;a.src=g;m.parentNode.insertBefore(a,m)
  })(window,document,'script','//www.google-analytics.com/analytics.js','ga');

  ga('create', 'UA-35396418-1', 'auto');
  ga('send', 'pageview');
</script>
<link rel="stylesheet" href="https://cdn.jsdelivr.net/npm/lightgallery.js@1/dist/css/lightgallery.min.css" />
<script src="https://cdn.jsdelivr.net/npm/lightgallery.js@1/dist/js/lightgallery.min.js"></script>
<script src="https://cdn.jsdelivr.net/npm/lg-thumbnail.js@1/dist/lg-thumbnail.min.js"></script>
<script src="https://cdn.jsdelivr.net/npm/lg-zoom.js@1/dist/lg-zoom.min.js"></script>
<script src="https://cdn.jsdelivr.net/npm/lg-video.js@1/dist/lg-video.min.js"></script>
<script src="https://cdn.jsdelivr.net/npm/lg-fullscreen.js@1/dist/lg-fullscreen.min.js"></script>
<script src="https://cdn.jsdelivr.net/npm/lg-autoplay.js@1/dist/lg-autoplay.min.js"></script>
<script src='/js/gcu.js'></script>
<script type='text/javascript'>
document.addEventListener('DOMContentLoaded', gcu.postPageHandler);
</script>
</body></html>