Sitemap: https://gcu.tactical-grace.net/sitemap.xml